Archive member included to satisfy reference by file (symbol)

c:/gnu arm embedded toolchain/10 2021.10/bin/../lib/gcc/arm-none-eabi/10.3.1/../../../../arm-none-eabi/lib/thumb/v7e-m+fp/hard\libc_nano.a(lib_a-exit.o)
                              c:/gnu arm embedded toolchain/10 2021.10/bin/../lib/gcc/arm-none-eabi/10.3.1/../../../../arm-none-eabi/lib/thumb/v7e-m+fp/hard/crt0.o (exit)
c:/gnu arm embedded toolchain/10 2021.10/bin/../lib/gcc/arm-none-eabi/10.3.1/../../../../arm-none-eabi/lib/thumb/v7e-m+fp/hard\libc_nano.a(lib_a-impure.o)
                              c:/gnu arm embedded toolchain/10 2021.10/bin/../lib/gcc/arm-none-eabi/10.3.1/../../../../arm-none-eabi/lib/thumb/v7e-m+fp/hard\libc_nano.a(lib_a-exit.o) (_global_impure_ptr)
c:/gnu arm embedded toolchain/10 2021.10/bin/../lib/gcc/arm-none-eabi/10.3.1/../../../../arm-none-eabi/lib/thumb/v7e-m+fp/hard\libc_nano.a(lib_a-init.o)
                              c:/gnu arm embedded toolchain/10 2021.10/bin/../lib/gcc/arm-none-eabi/10.3.1/../../../../arm-none-eabi/lib/thumb/v7e-m+fp/hard/crt0.o (__libc_init_array)
c:/gnu arm embedded toolchain/10 2021.10/bin/../lib/gcc/arm-none-eabi/10.3.1/../../../../arm-none-eabi/lib/thumb/v7e-m+fp/hard\libc_nano.a(lib_a-memcpy-stub.o)
                              build/queue.o (memcpy)
c:/gnu arm embedded toolchain/10 2021.10/bin/../lib/gcc/arm-none-eabi/10.3.1/../../../../arm-none-eabi/lib/thumb/v7e-m+fp/hard\libc_nano.a(lib_a-memset.o)
                              c:/gnu arm embedded toolchain/10 2021.10/bin/../lib/gcc/arm-none-eabi/10.3.1/../../../../arm-none-eabi/lib/thumb/v7e-m+fp/hard/crt0.o (memset)
c:/gnu arm embedded toolchain/10 2021.10/bin/../lib/gcc/arm-none-eabi/10.3.1/../../../../arm-none-eabi/lib/thumb/v7e-m+fp/hard\libc_nano.a(lib_a-printf.o)
                              build/main.o (printf)
c:/gnu arm embedded toolchain/10 2021.10/bin/../lib/gcc/arm-none-eabi/10.3.1/../../../../arm-none-eabi/lib/thumb/v7e-m+fp/hard\libc_nano.a(lib_a-findfp.o)
                              c:/gnu arm embedded toolchain/10 2021.10/bin/../lib/gcc/arm-none-eabi/10.3.1/../../../../arm-none-eabi/lib/thumb/v7e-m+fp/hard\libc_nano.a(lib_a-printf.o) (__sinit)
c:/gnu arm embedded toolchain/10 2021.10/bin/../lib/gcc/arm-none-eabi/10.3.1/../../../../arm-none-eabi/lib/thumb/v7e-m+fp/hard\libc_nano.a(lib_a-fwalk.o)
                              c:/gnu arm embedded toolchain/10 2021.10/bin/../lib/gcc/arm-none-eabi/10.3.1/../../../../arm-none-eabi/lib/thumb/v7e-m+fp/hard\libc_nano.a(lib_a-findfp.o) (_fwalk)
c:/gnu arm embedded toolchain/10 2021.10/bin/../lib/gcc/arm-none-eabi/10.3.1/../../../../arm-none-eabi/lib/thumb/v7e-m+fp/hard\libc_nano.a(lib_a-lock.o)
                              c:/gnu arm embedded toolchain/10 2021.10/bin/../lib/gcc/arm-none-eabi/10.3.1/../../../../arm-none-eabi/lib/thumb/v7e-m+fp/hard\libc_nano.a(lib_a-findfp.o) (__retarget_lock_init_recursive)
c:/gnu arm embedded toolchain/10 2021.10/bin/../lib/gcc/arm-none-eabi/10.3.1/../../../../arm-none-eabi/lib/thumb/v7e-m+fp/hard\libc_nano.a(lib_a-nano-mallocr.o)
                              c:/gnu arm embedded toolchain/10 2021.10/bin/../lib/gcc/arm-none-eabi/10.3.1/../../../../arm-none-eabi/lib/thumb/v7e-m+fp/hard\libc_nano.a(lib_a-findfp.o) (_malloc_r)
c:/gnu arm embedded toolchain/10 2021.10/bin/../lib/gcc/arm-none-eabi/10.3.1/../../../../arm-none-eabi/lib/thumb/v7e-m+fp/hard\libc_nano.a(lib_a-nano-vfprintf.o)
                              c:/gnu arm embedded toolchain/10 2021.10/bin/../lib/gcc/arm-none-eabi/10.3.1/../../../../arm-none-eabi/lib/thumb/v7e-m+fp/hard\libc_nano.a(lib_a-printf.o) (_vfprintf_r)
c:/gnu arm embedded toolchain/10 2021.10/bin/../lib/gcc/arm-none-eabi/10.3.1/../../../../arm-none-eabi/lib/thumb/v7e-m+fp/hard\libc_nano.a(lib_a-nano-vfprintf_i.o)
                              c:/gnu arm embedded toolchain/10 2021.10/bin/../lib/gcc/arm-none-eabi/10.3.1/../../../../arm-none-eabi/lib/thumb/v7e-m+fp/hard\libc_nano.a(lib_a-nano-vfprintf.o) (_printf_i)
c:/gnu arm embedded toolchain/10 2021.10/bin/../lib/gcc/arm-none-eabi/10.3.1/../../../../arm-none-eabi/lib/thumb/v7e-m+fp/hard\libc_nano.a(lib_a-sbrkr.o)
                              c:/gnu arm embedded toolchain/10 2021.10/bin/../lib/gcc/arm-none-eabi/10.3.1/../../../../arm-none-eabi/lib/thumb/v7e-m+fp/hard\libc_nano.a(lib_a-nano-mallocr.o) (_sbrk_r)
c:/gnu arm embedded toolchain/10 2021.10/bin/../lib/gcc/arm-none-eabi/10.3.1/../../../../arm-none-eabi/lib/thumb/v7e-m+fp/hard\libc_nano.a(lib_a-stdio.o)
                              c:/gnu arm embedded toolchain/10 2021.10/bin/../lib/gcc/arm-none-eabi/10.3.1/../../../../arm-none-eabi/lib/thumb/v7e-m+fp/hard\libc_nano.a(lib_a-findfp.o) (__sread)
c:/gnu arm embedded toolchain/10 2021.10/bin/../lib/gcc/arm-none-eabi/10.3.1/../../../../arm-none-eabi/lib/thumb/v7e-m+fp/hard\libc_nano.a(lib_a-wbuf.o)
[...]
Memory Configuration

Name             Origin             Length             Attributes
RAM              0x20000000         0x00050000         xrw
FLASH            0x08000000         0x00100000         xr
*default*        0x00000000         0xffffffff

Linker script and memory map

LOAD c:/gnu arm embedded toolchain/10 2021.10/bin/../lib/gcc/arm-none-eabi/10.3.1/thumb/v7e-m+fp/hard/crti.o
LOAD c:/gnu arm embedded toolchain/10 2021.10/bin/../lib/gcc/arm-none-eabi/10.3.1/thumb/v7e-m+fp/hard/crtbegin.o
LOAD c:/gnu arm embedded toolchain/10 2021.10/bin/../lib/gcc/arm-none-eabi/10.3.1/../../../../arm-none-eabi/lib/thumb/v7e-m+fp/hard/crt0.o
LOAD build/main.o
LOAD build/freertos.o
LOAD build/stm32f7xx_it.o
LOAD build/stm32f7xx_hal_msp.o
LOAD build/stm32f7xx_hal_timebase_tim.o
LOAD build/ds18b20.o
LOAD build/stm32f7xx_hal_cortex.o
LOAD build/stm32f7xx_hal_rcc.o
LOAD build/stm32f7xx_hal_rcc_ex.o
LOAD build/stm32f7xx_hal_flash.o
LOAD build/stm32f7xx_hal_flash_ex.o
LOAD build/stm32f7xx_hal_gpio.o
LOAD build/stm32f7xx_hal_dma.o
LOAD build/stm32f7xx_hal_dma_ex.o
LOAD build/stm32f7xx_hal_pwr.o
LOAD build/stm32f7xx_hal_pwr_ex.o
LOAD build/stm32f7xx_hal.o
LOAD build/stm32f7xx_hal_i2c.o
LOAD build/stm32f7xx_hal_i2c_ex.o
LOAD build/stm32f7xx_hal_exti.o
LOAD build/stm32f7xx_hal_spi.o
LOAD build/stm32f7xx_hal_spi_ex.o
LOAD build/stm32f7xx_hal_tim.o
LOAD build/stm32f7xx_hal_tim_ex.o
LOAD build/stm32f7xx_hal_uart.o
LOAD build/stm32f7xx_hal_uart_ex.o
LOAD build/stm32f7xx_hal_pcd.o
LOAD build/stm32f7xx_hal_pcd_ex.o
LOAD build/stm32f7xx_ll_usb.o
LOAD build/dwt_delay.o
LOAD build/system_stm32f7xx.o
LOAD build/croutine.o
LOAD build/event_groups.o
LOAD build/list.o
LOAD build/queue.o
LOAD build/stream_buffer.o
LOAD build/tasks.o
LOAD build/timers.o
LOAD build/cmsis_os2.o
LOAD build/heap_4.o
LOAD build/port.o
LOAD build/startup_stm32f746xx.o
LOAD c:/gnu arm embedded toolchain/10 2021.10/bin/../lib/gcc/arm-none-eabi/10.3.1/../../../../arm-none-eabi/lib/thumb/v7e-m+fp/hard\libc_nano.a
LOAD c:/gnu arm embedded toolchain/10 2021.10/bin/../lib/gcc/arm-none-eabi/10.3.1/../../../../arm-none-eabi/lib/thumb/v7e-m+fp/hard\libm.a
LOAD c:/gnu arm embedded toolchain/10 2021.10/bin/../lib/gcc/arm-none-eabi/10.3.1/../../../../arm-none-eabi/lib/thumb/v7e-m+fp/hard\libnosys.a
START GROUP
LOAD c:/gnu arm embedded toolchain/10 2021.10/bin/../lib/gcc/arm-none-eabi/10.3.1/thumb/v7e-m+fp/hard\libgcc.a
LOAD c:/gnu arm embedded toolchain/10 2021.10/bin/../lib/gcc/arm-none-eabi/10.3.1/../../../../arm-none-eabi/lib/thumb/v7e-m+fp/hard\libc_nano.a
END GROUP
START GROUP
LOAD c:/gnu arm embedded toolchain/10 2021.10/bin/../lib/gcc/arm-none-eabi/10.3.1/thumb/v7e-m+fp/hard\libgcc.a
LOAD c:/gnu arm embedded toolchain/10 2021.10/bin/../lib/gcc/arm-none-eabi/10.3.1/../../../../arm-none-eabi/lib/thumb/v7e-m+fp/hard\libc_nano.a
END GROUP
LOAD c:/gnu arm embedded toolchain/10 2021.10/bin/../lib/gcc/arm-none-eabi/10.3.1/thumb/v7e-m+fp/hard/crtend.o
LOAD c:/gnu arm embedded toolchain/10 2021.10/bin/../lib/gcc/arm-none-eabi/10.3.1/thumb/v7e-m+fp/hard/crtn.o
                0x20050000                _estack = 0x20050000
                0x00000200                _Min_Heap_Size = 0x200
                0x00000400                _Min_Stack_Size = 0x400

.isr_vector     0x08000000      0x1c8
                0x08000000                . = ALIGN (0x4)
 *(.isr_vector)
 .isr_vector    0x08000000      0x1c8 build/startup_stm32f746xx.o
                0x08000000                g_pfnVectors
                0x080001c8                . = ALIGN (0x4)

.text           0x080001d0     0x5e9c
                0x080001d0                . = ALIGN (0x4)
 *(.text)
 .text          0x080001d0       0x40 c:/gnu arm embedded toolchain/10 2021.10/bin/../lib/gcc/arm-none-eabi/10.3.1/thumb/v7e-m+fp/hard/crtbegin.o
 .text          0x08000210       0xa0 c:/gnu arm embedded toolchain/10 2021.10/bin/../lib/gcc/arm-none-eabi/10.3.1/../../../../arm-none-eabi/lib/thumb/v7e-m+fp/hard\libc_nano.a(lib_a-memchr.o)
                0x08000210                memchr
 .text          0x080002b0      0x378 c:/gnu arm embedded toolchain/10 2021.10/bin/../lib/gcc/arm-none-eabi/10.3.1/thumb/v7e-m+fp/hard\libgcc.a(_arm_addsubdf3.o)
                0x080002b0                __aeabi_drsub
                0x080002b8                __aeabi_dsub
                0x080002b8                __subdf3
                0x080002bc                __aeabi_dadd
                0x080002bc                __adddf3
                0x08000534                __floatunsidf
                0x08000534                __aeabi_ui2d
                0x08000554                __floatsidf
                0x08000554                __aeabi_i2d
                0x08000578                __aeabi_f2d
                0x08000578                __extendsfdf2
                0x080005bc                __floatundidf
                0x080005bc                __aeabi_ul2d
                0x080005cc                __floatdidf
                0x080005cc                __aeabi_l2d
 .text          0x08000628       0x30 c:/gnu arm embedded toolchain/10 2021.10/bin/../lib/gcc/arm-none-eabi/10.3.1/thumb/v7e-m+fp/hard\libgcc.a(_aeabi_uldivmod.o)
                0x08000628                __aeabi_uldivmod
 .text          0x08000658      0x2d0 c:/gnu arm embedded toolchain/10 2021.10/bin/../lib/gcc/arm-none-eabi/10.3.1/thumb/v7e-m+fp/hard\libgcc.a(_udivmoddi4.o)
                0x08000658                __udivmoddi4
 .text          0x08000928        0x4 c:/gnu arm embedded toolchain/10 2021.10/bin/../lib/gcc/arm-none-eabi/10.3.1/thumb/v7e-m+fp/hard\libgcc.a(_dvmd_tls.o)
                0x08000928                __aeabi_idiv0
                0x08000928                __aeabi_ldiv0
 *(.text*)
 .text.MX_GPIO_Init
                0x0800092c      0x1c8 build/main.o
 .text.StartDefaultTask
                0x08000af4        0xa build/main.o
                0x08000af4                StartDefaultTask
 .text.StartTask03
                0x08000afe        0xa build/main.o
                0x08000afe                StartTask03
 .text.StartTask04
                0x08000b08        0xa build/main.o
                0x08000b08                StartTask04
 *fill*         0x08000b12        0x2 
 .text.Sensor_Reading_Task
                0x08000b14       0x28 build/main.o
                0x08000b14                Sensor_Reading_Task
 .text.HAL_TIM_PeriodElapsedCallback
                0x08000b3c       0x18 build/main.o
                0x08000b3c                HAL_TIM_PeriodElapsedCallback
 .text.Error_Handler
                0x08000b54        0x4 build/main.o
                0x08000b54                Error_Handler
 .text.MX_USB_OTG_FS_PCD_Init
                0x08000b58       0x34 build/main.o
 .text.MX_USART2_UART_Init
                0x08000b8c       0x38 build/main.o
 .text.MX_I2C2_Init
                0x08000bc4       0x54 build/main.o
 .text.MX_SPI1_Init
                0x08000c18       0x48 build/main.o
 .text.SystemClock_Config
                0x08000c60       0xcc build/main.o
                0x08000c60                SystemClock_Config
 .text.main     0x08000d2c       0x90 build/main.o
                0x08000d2c                main
 .text.NMI_Handler
                0x08000dbc        0x2 build/stm32f7xx_it.o
                0x08000dbc                NMI_Handler
 .text.HardFault_Handler
                0x08000dbe        0x2 build/stm32f7xx_it.o
                0x08000dbe                HardFault_Handler
 .text.MemManage_Handler
                0x08000dc0        0x2 build/stm32f7xx_it.o
                0x08000dc0                MemManage_Handler
 .text.BusFault_Handler
                0x08000dc2        0x2 build/stm32f7xx_it.o
                0x08000dc2                BusFault_Handler
 .text.UsageFault_Handler
                0x08000dc4        0x2 build/stm32f7xx_it.o
                0x08000dc4                UsageFault_Handler
 .text.DebugMon_Handler
                0x08000dc6        0x2 build/stm32f7xx_it.o
                0x08000dc6                DebugMon_Handler
 .text.TIM1_UP_TIM10_IRQHandler
                0x08000dc8       0x10 build/stm32f7xx_it.o
                0x08000dc8                TIM1_UP_TIM10_IRQHandler
 .text.HAL_MspInit
                0x08000dd8       0x40 build/stm32f7xx_hal_msp.o
                0x08000dd8                HAL_MspInit
 .text.HAL_I2C_MspInit
                0x08000e18       0x6c build/stm32f7xx_hal_msp.o
                0x08000e18                HAL_I2C_MspInit
 .text.HAL_SPI_MspInit
                0x08000e84       0x94 build/stm32f7xx_hal_msp.o
                0x08000e84                HAL_SPI_MspInit
 .text.HAL_UART_MspInit
                0x08000f18       0x94 build/stm32f7xx_hal_msp.o
                0x08000f18                HAL_UART_MspInit
 .text.HAL_PCD_MspInit
                0x08000fac       0x90 build/stm32f7xx_hal_msp.o
                0x08000fac                HAL_PCD_MspInit
 .text.HAL_InitTick
                0x0800103c       0x78 build/stm32f7xx_hal_timebase_tim.o
                0x0800103c                HAL_InitTick
 .text.Set_Pin_Output
                0x080010b4       0x22 build/ds18b20.o
                0x080010b4                Set_Pin_Output
 .text.Set_Pin_Input
                0x080010d6       0x22 build/ds18b20.o
                0x080010d6                Set_Pin_Input
 .text.DS18B20_Start
                0x080010f8       0x54 build/ds18b20.o
                0x080010f8                DS18B20_Start
 .text.DS18B20_Write
                0x0800114c       0x80 build/ds18b20.o
                0x0800114c                DS18B20_Write
 .text.DS18B20_Read
                0x080011cc       0x68 build/ds18b20.o
                0x080011cc                DS18B20_Read
 .text.ds18b20_output
                0x08001234       0x7c build/ds18b20.o
                0x08001234                ds18b20_output
 .text.HAL_NVIC_SetPriorityGrouping
                0x080012b0       0x24 build/stm32f7xx_hal_cortex.o
                0x080012b0                HAL_NVIC_SetPriorityGrouping
 .text.HAL_NVIC_SetPriority
                0x080012d4       0x6c build/stm32f7xx_hal_cortex.o
                0x080012d4                HAL_NVIC_SetPriority
 .text.HAL_NVIC_EnableIRQ
                0x08001340       0x1c build/stm32f7xx_hal_cortex.o
                0x08001340                HAL_NVIC_EnableIRQ
 .text.HAL_RCC_OscConfig
                0x0800135c      0x434 build/stm32f7xx_hal_rcc.o
                0x0800135c                HAL_RCC_OscConfig
 .text.HAL_RCC_GetSysClockFreq
                0x08001790       0xd4 build/stm32f7xx_hal_rcc.o
                0x08001790                HAL_RCC_GetSysClockFreq
 .text.HAL_RCC_ClockConfig
                0x08001864      0x16c build/stm32f7xx_hal_rcc.o
                0x08001864                HAL_RCC_ClockConfig
 .text.HAL_RCC_GetHCLKFreq
                0x080019d0        0xc build/stm32f7xx_hal_rcc.o
                0x080019d0                HAL_RCC_GetHCLKFreq
 .text.HAL_RCC_GetPCLK1Freq
                0x080019dc       0x20 build/stm32f7xx_hal_rcc.o
                0x080019dc                HAL_RCC_GetPCLK1Freq
 .text.HAL_RCC_GetPCLK2Freq
                0x080019fc       0x20 build/stm32f7xx_hal_rcc.o
                0x080019fc                HAL_RCC_GetPCLK2Freq
 .text.HAL_RCC_GetClockConfig
                0x08001a1c       0x3c build/stm32f7xx_hal_rcc.o
                0x08001a1c                HAL_RCC_GetClockConfig
 .text.HAL_RCCEx_PeriphCLKConfig
                0x08001a58      0x5ac build/stm32f7xx_hal_rcc_ex.o
                0x08001a58                HAL_RCCEx_PeriphCLKConfig
 .text.HAL_GPIO_Init
                0x08002004      0x1e4 build/stm32f7xx_hal_gpio.o
                0x08002004                HAL_GPIO_Init
 .text.HAL_GPIO_ReadPin
                0x080021e8        0xe build/stm32f7xx_hal_gpio.o
                0x080021e8                HAL_GPIO_ReadPin
 .text.HAL_GPIO_WritePin
                0x080021f6        0xc build/stm32f7xx_hal_gpio.o
                0x080021f6                HAL_GPIO_WritePin
 *fill*         0x08002202        0x2 
 .text.HAL_PWR_EnableBkUpAccess
                0x08002204       0x10 build/stm32f7xx_hal_pwr.o
                0x08002204                HAL_PWR_EnableBkUpAccess
 .text.HAL_Init
                0x08002214       0x16 build/stm32f7xx_hal.o
                0x08002214                HAL_Init
 *fill*         0x0800222a        0x2 
 .text.HAL_IncTick
                0x0800222c       0x18 build/stm32f7xx_hal.o
                0x0800222c                HAL_IncTick
 .text.HAL_GetTick
                0x08002244        0xc build/stm32f7xx_hal.o
                0x08002244                HAL_GetTick
 .text.HAL_Delay
                0x08002250       0x28 build/stm32f7xx_hal.o
                0x08002250                HAL_Delay
 .text.HAL_I2C_Init
                0x08002278       0xbc build/stm32f7xx_hal_i2c.o
                0x08002278                HAL_I2C_Init
 .text.HAL_I2CEx_ConfigAnalogFilter
                0x08002334       0x5c build/stm32f7xx_hal_i2c_ex.o
                0x08002334                HAL_I2CEx_ConfigAnalogFilter
 .text.HAL_I2CEx_ConfigDigitalFilter
                0x08002390       0x58 build/stm32f7xx_hal_i2c_ex.o
                0x08002390                HAL_I2CEx_ConfigDigitalFilter
 .text.HAL_SPI_Init
                0x080023e8       0xe8 build/stm32f7xx_hal_spi.o
                0x080023e8                HAL_SPI_Init
 .text.HAL_TIM_Base_MspInit
                0x080024d0        0x2 build/stm32f7xx_hal_tim.o
                0x080024d0                HAL_TIM_Base_MspInit
 *fill*         0x080024d2        0x2 
 .text.HAL_TIM_Base_Start_IT
                0x080024d4       0x90 build/stm32f7xx_hal_tim.o
                0x080024d4                HAL_TIM_Base_Start_IT
 .text.HAL_TIM_OC_DelayElapsedCallback
                0x08002564        0x2 build/stm32f7xx_hal_tim.o
                0x08002564                HAL_TIM_OC_DelayElapsedCallback
 .text.HAL_TIM_IC_CaptureCallback
                0x08002566        0x2 build/stm32f7xx_hal_tim.o
                0x08002566                HAL_TIM_IC_CaptureCallback
 .text.HAL_TIM_PWM_PulseFinishedCallback
                0x08002568        0x2 build/stm32f7xx_hal_tim.o
                0x08002568                HAL_TIM_PWM_PulseFinishedCallback
 .text.HAL_TIM_TriggerCallback
                0x0800256a        0x2 build/stm32f7xx_hal_tim.o
                0x0800256a                HAL_TIM_TriggerCallback
 .text.HAL_TIM_IRQHandler
                0x0800256c      0x19a build/stm32f7xx_hal_tim.o
                0x0800256c                HAL_TIM_IRQHandler
 *fill*         0x08002706        0x2 
 .text.TIM_Base_SetConfig
                0x08002708      0x110 build/stm32f7xx_hal_tim.o
                0x08002708                TIM_Base_SetConfig
 .text.HAL_TIM_Base_Init
                0x08002818       0x60 build/stm32f7xx_hal_tim.o
                0x08002818                HAL_TIM_Base_Init
 .text.HAL_TIMEx_CommutCallback
                0x08002878        0x2 build/stm32f7xx_hal_tim_ex.o
                0x08002878                HAL_TIMEx_CommutCallback
 .text.HAL_TIMEx_BreakCallback
                0x0800287a        0x2 build/stm32f7xx_hal_tim_ex.o
                0x0800287a                HAL_TIMEx_BreakCallback
 .text.HAL_TIMEx_Break2Callback
                0x0800287c        0x2 build/stm32f7xx_hal_tim_ex.o
                0x0800287c                HAL_TIMEx_Break2Callback
 *fill*         0x0800287e        0x2 
 .text.UART_SetConfig
                0x08002880      0x330 build/stm32f7xx_hal_uart.o
                0x08002880                UART_SetConfig
 .text.UART_AdvFeatureConfig
                0x08002bb0       0xca build/stm32f7xx_hal_uart.o
                0x08002bb0                UART_AdvFeatureConfig
 .text.UART_WaitOnFlagUntilTimeout
                0x08002c7a       0xa8 build/stm32f7xx_hal_uart.o
                0x08002c7a                UART_WaitOnFlagUntilTimeout
 .text.UART_CheckIdleState
                0x08002d22       0x48 build/stm32f7xx_hal_uart.o
                0x08002d22                UART_CheckIdleState
 .text.HAL_UART_Init
                0x08002d6a       0x62 build/stm32f7xx_hal_uart.o
                0x08002d6a                HAL_UART_Init
 .text.HAL_PCD_Init
                0x08002dcc      0x13c build/stm32f7xx_hal_pcd.o
                0x08002dcc                HAL_PCD_Init
 .text.HAL_PCDEx_ActivateLPM
                0x08002f08       0x28 build/stm32f7xx_hal_pcd_ex.o
                0x08002f08                HAL_PCDEx_ActivateLPM
 .text.USB_CoreReset
                0x08002f30       0x3c build/stm32f7xx_ll_usb.o
 .text.USB_CoreInit
                0x08002f6c       0x7c build/stm32f7xx_ll_usb.o
                0x08002f6c                USB_CoreInit
 .text.USB_DisableGlobalInt
                0x08002fe8        0xc build/stm32f7xx_ll_usb.o
                0x08002fe8                USB_DisableGlobalInt
 .text.USB_SetCurrentMode
                0x08002ff4       0x30 build/stm32f7xx_ll_usb.o
                0x08002ff4                USB_SetCurrentMode
 .text.USB_FlushTxFifo
                0x08003024       0x28 build/stm32f7xx_ll_usb.o
                0x08003024                USB_FlushTxFifo
 .text.USB_FlushRxFifo
                0x0800304c       0x24 build/stm32f7xx_ll_usb.o
                0x0800304c                USB_FlushRxFifo
 .text.USB_SetDevSpeed
                0x08003070        0xe build/stm32f7xx_ll_usb.o
                0x08003070                USB_SetDevSpeed
 *fill*         0x0800307e        0x2 
 .text.USB_DevInit
                0x08003080      0x1a4 build/stm32f7xx_ll_usb.o
                0x08003080                USB_DevInit
 .text.USB_DevDisconnect
                0x08003224       0x1c build/stm32f7xx_ll_usb.o
                0x08003224                USB_DevDisconnect
 .text.DWT_Delay
                0x08003240       0x2c build/dwt_delay.o
                0x08003240                DWT_Delay
 .text.SystemInit
                0x0800326c       0x14 build/system_stm32f7xx.o
                0x0800326c                SystemInit
 .text.vListInitialise
                0x08003280       0x16 build/list.o
                0x08003280                vListInitialise
 .text.vListInitialiseItem
                0x08003296        0x6 build/list.o
                0x08003296                vListInitialiseItem
 .text.vListInsertEnd
                0x0800329c       0x16 build/list.o
                0x0800329c                vListInsertEnd
 .text.vListInsert
                0x080032b2       0x32 build/list.o
                0x080032b2                vListInsert
 .text.uxListRemove
                0x080032e4       0x26 build/list.o
                0x080032e4                uxListRemove
 .text.prvIsQueueFull
                0x0800330a       0x1e build/queue.o
 .text.prvIsQueueEmpty
                0x08003328       0x1a build/queue.o
 .text.prvCopyDataToQueue
                0x08003342       0x76 build/queue.o
 .text.prvCopyDataFromQueue
                0x080033b8       0x24 build/queue.o
 .text.prvUnlockQueue
                0x080033dc       0x6e build/queue.o
 .text.xQueueGenericReset
                0x0800344a       0x88 build/queue.o
                0x0800344a                xQueueGenericReset
 .text.prvInitialiseNewQueue
                0x080034d2       0x22 build/queue.o
 .text.xQueueGenericCreateStatic
                0x080034f4       0xba build/queue.o
                0x080034f4                xQueueGenericCreateStatic
 .text.xQueueGenericSend
                0x080035ae      0x198 build/queue.o
                0x080035ae                xQueueGenericSend
 .text.xQueueGenericSendFromISR
                0x08003746       0xdc build/queue.o
                0x08003746                xQueueGenericSendFromISR
 .text.xQueueReceive
                0x08003822      0x16a build/queue.o
                0x08003822                xQueueReceive
 .text.vQueueAddToRegistry
                0x0800398c       0x28 build/queue.o
                0x0800398c                vQueueAddToRegistry
 .text.vQueueWaitForMessageRestricted
                0x080039b4       0x52 build/queue.o
                0x080039b4                vQueueWaitForMessageRestricted
 *fill*         0x08003a06        0x2 
 .text.prvResetNextTaskUnblockTime
                0x08003a08       0x2c build/tasks.o
 .text.prvInitialiseNewTask
                0x08003a34       0xa6 build/tasks.o
 *fill*         0x08003ada        0x2 
 .text.prvInitialiseTaskLists
                0x08003adc       0x68 build/tasks.o
 .text.prvAddNewTaskToReadyList
                0x08003b44       0xac build/tasks.o
 .text.prvDeleteTCB
                0x08003bf0       0x3c build/tasks.o
 .text.prvCheckTasksWaitingTermination
                0x08003c2c       0x4c build/tasks.o
 .text.prvIdleTask
                0x08003c78       0x28 build/tasks.o
 .text.prvAddCurrentTaskToDelayedList
                0x08003ca0       0x84 build/tasks.o
 .text.xTaskCreateStatic
                0x08003d24       0x82 build/tasks.o
                0x08003d24                xTaskCreateStatic
 .text.xTaskCreate
                0x08003da6       0x68 build/tasks.o
                0x08003da6                xTaskCreate
 *fill*         0x08003e0e        0x2 
 .text.vTaskStartScheduler
                0x08003e10       0xa4 build/tasks.o
                0x08003e10                vTaskStartScheduler
 .text.vTaskSuspendAll
                0x08003eb4       0x10 build/tasks.o
                0x08003eb4                vTaskSuspendAll
 .text.xTaskGetTickCount
                0x08003ec4        0xc build/tasks.o
                0x08003ec4                xTaskGetTickCount
 .text.xTaskIncrementTick
                0x08003ed0      0x11c build/tasks.o
                0x08003ed0                xTaskIncrementTick
 .text.xTaskResumeAll
                0x08003fec       0xfc build/tasks.o
                0x08003fec                xTaskResumeAll
 .text.vTaskDelay
                0x080040e8       0x50 build/tasks.o
                0x080040e8                vTaskDelay
 .text.vTaskSwitchContext
                0x08004138       0x98 build/tasks.o
                0x08004138                vTaskSwitchContext
 .text.vTaskPlaceOnEventList
                0x080041d0       0x34 build/tasks.o
                0x080041d0                vTaskPlaceOnEventList
 .text.vTaskPlaceOnEventListRestricted
                0x08004204       0x3c build/tasks.o
                0x08004204                vTaskPlaceOnEventListRestricted
 .text.xTaskRemoveFromEventList
                0x08004240       0x90 build/tasks.o
                0x08004240                xTaskRemoveFromEventList
 .text.vTaskInternalSetTimeOutState
                0x080042d0       0x18 build/tasks.o
                0x080042d0                vTaskInternalSetTimeOutState
 .text.xTaskCheckForTimeOut
                0x080042e8       0x8c build/tasks.o
                0x080042e8                xTaskCheckForTimeOut
 .text.vTaskMissedYield
                0x08004374        0xc build/tasks.o
                0x08004374                vTaskMissedYield
 .text.xTaskGetSchedulerState
                0x08004380       0x20 build/tasks.o
                0x08004380                xTaskGetSchedulerState
 .text.xTaskPriorityDisinherit
                0x080043a0       0x98 build/tasks.o
                0x080043a0                xTaskPriorityDisinherit
 .text.prvGetNextExpireTime
                0x08004438       0x20 build/timers.o
 .text.prvInsertTimerInActiveList
                0x08004458       0x50 build/timers.o
 .text.prvCheckForValidListAndQueue
                0x080044a8       0x70 build/timers.o
 .text.xTimerCreateTimerTask
                0x08004518       0x68 build/timers.o
                0x08004518                xTimerCreateTimerTask
 .text.xTimerGenericCommand
                0x08004580       0x70 build/timers.o
                0x08004580                xTimerGenericCommand
 .text.prvSwitchTimerLists
                0x080045f0       0x80 build/timers.o
 .text.prvSampleTimeNow
                0x08004670       0x2c build/timers.o
 .text.prvProcessExpiredTimer
                0x0800469c       0x70 build/timers.o
 .text.prvProcessTimerOrBlockTask
                0x0800470c       0x78 build/timers.o
 .text.prvProcessReceivedCommands
                0x08004784      0x114 build/timers.o
 .text.prvTimerTask
                0x08004898       0x16 build/timers.o
 *fill*         0x080048ae        0x2 
 .text.osKernelInitialize
                0x080048b0       0x3c build/cmsis_os2.o
                0x080048b0                osKernelInitialize
 .text.osKernelStart
                0x080048ec       0x48 build/cmsis_os2.o
                0x080048ec                osKernelStart
 .text.osThreadNew
                0x08004934       0xd8 build/cmsis_os2.o
                0x08004934                osThreadNew
 .text.osDelay  0x08004a0c       0x3c build/cmsis_os2.o
                0x08004a0c                osDelay
 .text.vApplicationGetIdleTaskMemory
                0x08004a48       0x18 build/cmsis_os2.o
                0x08004a48                vApplicationGetIdleTaskMemory
 .text.vApplicationGetTimerTaskMemory
                0x08004a60       0x18 build/cmsis_os2.o
                0x08004a60                vApplicationGetTimerTaskMemory
 .text.prvHeapInit
                0x08004a78       0x64 build/heap_4.o
 .text.prvInsertBlockIntoFreeList
                0x08004adc       0x64 build/heap_4.o
 .text.pvPortMalloc
                0x08004b40       0xf8 build/heap_4.o
                0x08004b40                pvPortMalloc
 .text.vPortFree
                0x08004c38       0x78 build/heap_4.o
                0x08004c38                vPortFree
 .text.prvTaskExitError
                0x08004cb0       0x48 build/port.o
 .text.prvPortStartFirstTask
                0x08004cf8       0x28 build/port.o
 .text.vPortEnableVFP
                0x08004d20       0x14 build/port.o
 .text.pxPortInitialiseStack
                0x08004d34       0x2c build/port.o
                0x08004d34                pxPortInitialiseStack
 .text.SVC_Handler
                0x08004d60       0x24 build/port.o
                0x08004d60                SVC_Handler
 .text.vPortEnterCritical
                0x08004d84       0x4c build/port.o
                0x08004d84                vPortEnterCritical
 .text.vPortExitCritical
                0x08004dd0       0x30 build/port.o
                0x08004dd0                vPortExitCritical
 .text.PendSV_Handler
                0x08004e00       0x64 build/port.o
                0x08004e00                PendSV_Handler
 .text.SysTick_Handler
                0x08004e64       0x30 build/port.o
                0x08004e64                SysTick_Handler
 .text.vPortSetupTimerInterrupt
                0x08004e94       0x28 build/port.o
                0x08004e94                vPortSetupTimerInterrupt
 .text.xPortStartScheduler
                0x08004ebc       0xd4 build/port.o
                0x08004ebc                xPortStartScheduler
 .text.vPortValidateInterruptPriority
                0x08004f90       0x64 build/port.o
                0x08004f90                vPortValidateInterruptPriority
 .text.Reset_Handler
                0x08004ff4       0x50 build/startup_stm32f746xx.o
                0x08004ff4                Reset_Handler
 .text.Default_Handler
                0x08005044        0x2 build/startup_stm32f746xx.o
                0x08005044                RTC_Alarm_IRQHandler
                0x08005044                EXTI2_IRQHandler
                0x08005044                TIM8_CC_IRQHandler
                0x08005044                UART8_IRQHandler
                0x08005044                SPI4_IRQHandler
                0x08005044                TIM1_CC_IRQHandler
                0x08005044                DMA2_Stream5_IRQHandler
                0x08005044                DMA1_Stream5_IRQHandler
                0x08005044                PVD_IRQHandler
                0x08005044                TAMP_STAMP_IRQHandler
                0x08005044                CAN2_RX1_IRQHandler
                0x08005044                EXTI3_IRQHandler
                0x08005044                TIM8_TRG_COM_TIM14_IRQHandler
                0x08005044                TIM8_UP_TIM13_IRQHandler
                0x08005044                I2C3_ER_IRQHandler
                0x08005044                EXTI0_IRQHandler
                0x08005044                I2C2_EV_IRQHandler
                0x08005044                DMA1_Stream2_IRQHandler
                0x08005044                CAN1_RX0_IRQHandler
                0x08005044                FPU_IRQHandler
                0x08005044                OTG_HS_WKUP_IRQHandler
                0x08005044                LTDC_ER_IRQHandler
                0x08005044                CAN2_SCE_IRQHandler
                0x08005044                DMA2_Stream2_IRQHandler
                0x08005044                SPI1_IRQHandler
                0x08005044                TIM6_DAC_IRQHandler
                0x08005044                TIM1_BRK_TIM9_IRQHandler
                0x08005044                DCMI_IRQHandler
                0x08005044                CAN2_RX0_IRQHandler
                0x08005044                DMA2_Stream3_IRQHandler
                0x08005044                SAI2_IRQHandler
                0x08005044                USART6_IRQHandler
                0x08005044                USART3_IRQHandler
                0x08005044                CAN1_RX1_IRQHandler
                0x08005044                UART5_IRQHandler
                0x08005044                DMA2_Stream0_IRQHandler
                0x08005044                TIM4_IRQHandler
                0x08005044                QUADSPI_IRQHandler
                0x08005044                I2C1_EV_IRQHandler
                0x08005044                DMA1_Stream6_IRQHandler
                0x08005044                DMA1_Stream1_IRQHandler
                0x08005044                UART4_IRQHandler
                0x08005044                TIM3_IRQHandler
                0x08005044                RCC_IRQHandler
                0x08005044                TIM8_BRK_TIM12_IRQHandler
                0x08005044                Default_Handler
                0x08005044                CEC_IRQHandler
                0x08005044                EXTI15_10_IRQHandler
                0x08005044                ADC_IRQHandler
                0x08005044                DMA1_Stream7_IRQHandler
                0x08005044                SPI5_IRQHandler
                0x08005044                TIM7_IRQHandler
                0x08005044                SDMMC1_IRQHandler
                0x08005044                CAN2_TX_IRQHandler
                0x08005044                TIM5_IRQHandler
                0x08005044                DMA2_Stream7_IRQHandler
                0x08005044                I2C3_EV_IRQHandler
                0x08005044                EXTI9_5_IRQHandler
                0x08005044                RTC_WKUP_IRQHandler
                0x08005044                LTDC_IRQHandler
                0x08005044                ETH_WKUP_IRQHandler
                0x08005044                SPDIF_RX_IRQHandler
                0x08005044                SPI2_IRQHandler
                0x08005044                OTG_HS_EP1_IN_IRQHandler
                0x08005044                DMA1_Stream0_IRQHandler
                0x08005044                CAN1_TX_IRQHandler
                0x08005044                EXTI4_IRQHandler
                0x08005044                RNG_IRQHandler
                0x08005044                ETH_IRQHandler
                0x08005044                OTG_HS_EP1_OUT_IRQHandler
                0x08005044                WWDG_IRQHandler
                0x08005044                SPI6_IRQHandler
                0x08005044                I2C4_EV_IRQHandler
                0x08005044                TIM2_IRQHandler
                0x08005044                OTG_FS_WKUP_IRQHandler
                0x08005044                TIM1_TRG_COM_TIM11_IRQHandler
                0x08005044                OTG_HS_IRQHandler
                0x08005044                DMA2D_IRQHandler
                0x08005044                EXTI1_IRQHandler
                0x08005044                UART7_IRQHandler
                0x08005044                USART2_IRQHandler
                0x08005044                I2C2_ER_IRQHandler
                0x08005044                DMA2_Stream1_IRQHandler
                0x08005044                CAN1_SCE_IRQHandler
                0x08005044                FLASH_IRQHandler
                0x08005044                DMA2_Stream4_IRQHandler
                0x08005044                USART1_IRQHandler
                0x08005044                OTG_FS_IRQHandler
                0x08005044                SPI3_IRQHandler
                0x08005044                DMA1_Stream4_IRQHandler
                0x08005044                I2C1_ER_IRQHandler
                0x08005044                FMC_IRQHandler
                0x08005044                LPTIM1_IRQHandler
                0x08005044                I2C4_ER_IRQHandler
                0x08005044                DMA2_Stream6_IRQHandler
                0x08005044                SAI1_IRQHandler
                0x08005044                DMA1_Stream3_IRQHandler
 *fill*         0x08005046        0x2 
 .text.__libc_init_array
                0x08005048       0x48 c:/gnu arm embedded toolchain/10 2021.10/bin/../lib/gcc/arm-none-eabi/10.3.1/../../../../arm-none-eabi/lib/thumb/v7e-m+fp/hard\libc_nano.a(lib_a-init.o)
                0x08005048                __libc_init_array
 .text.memcpy   0x08005090       0x1c c:/gnu arm embedded toolchain/10 2021.10/bin/../lib/gcc/arm-none-eabi/10.3.1/../../../../arm-none-eabi/lib/thumb/v7e-m+fp/hard\libc_nano.a(lib_a-memcpy-stub.o)
                0x08005090                memcpy
 .text.memset   0x080050ac       0x10 c:/gnu arm embedded toolchain/10 2021.10/bin/../lib/gcc/arm-none-eabi/10.3.1/../../../../arm-none-eabi/lib/thumb/v7e-m+fp/hard\libc_nano.a(lib_a-memset.o)
                0x080050ac                memset
 .text.printf   0x080050bc       0x30 c:/gnu arm embedded toolchain/10 2021.10/bin/../lib/gcc/arm-none-eabi/10.3.1/../../../../arm-none-eabi/lib/thumb/v7e-m+fp/hard\libc_nano.a(lib_a-printf.o)
                0x080050bc                iprintf
                0x080050bc                printf
 .text.std      0x080050ec       0x48 c:/gnu arm embedded toolchain/10 2021.10/bin/../lib/gcc/arm-none-eabi/10.3.1/../../../../arm-none-eabi/lib/thumb/v7e-m+fp/hard\libc_nano.a(lib_a-findfp.o)
 .text._cleanup_r
                0x08005134        0xc c:/gnu arm embedded toolchain/10 2021.10/bin/../lib/gcc/arm-none-eabi/10.3.1/../../../../arm-none-eabi/lib/thumb/v7e-m+fp/hard\libc_nano.a(lib_a-findfp.o)
                0x08005134                _cleanup_r
 .text.__sfmoreglue
                0x08005140       0x2c c:/gnu arm embedded toolchain/10 2021.10/bin/../lib/gcc/arm-none-eabi/10.3.1/../../../../arm-none-eabi/lib/thumb/v7e-m+fp/hard\libc_nano.a(lib_a-findfp.o)
                0x08005140                __sfmoreglue
 .text.__sfp_lock_acquire
                0x0800516c        0xc c:/gnu arm embedded toolchain/10 2021.10/bin/../lib/gcc/arm-none-eabi/10.3.1/../../../../arm-none-eabi/lib/thumb/v7e-m+fp/hard\libc_nano.a(lib_a-findfp.o)
                0x0800516c                __sfp_lock_acquire
 .text.__sfp_lock_release
                0x08005178        0xc c:/gnu arm embedded toolchain/10 2021.10/bin/../lib/gcc/arm-none-eabi/10.3.1/../../../../arm-none-eabi/lib/thumb/v7e-m+fp/hard\libc_nano.a(lib_a-findfp.o)
                0x08005178                __sfp_lock_release
 .text.__sinit_lock_acquire
                0x08005184        0xc c:/gnu arm embedded toolchain/10 2021.10/bin/../lib/gcc/arm-none-eabi/10.3.1/../../../../arm-none-eabi/lib/thumb/v7e-m+fp/hard\libc_nano.a(lib_a-findfp.o)
                0x08005184                __sinit_lock_acquire
 .text.__sinit_lock_release
                0x08005190        0xc c:/gnu arm embedded toolchain/10 2021.10/bin/../lib/gcc/arm-none-eabi/10.3.1/../../../../arm-none-eabi/lib/thumb/v7e-m+fp/hard\libc_nano.a(lib_a-findfp.o)
                0x08005190                __sinit_lock_release
 .text.__sinit  0x0800519c       0x70 c:/gnu arm embedded toolchain/10 2021.10/bin/../lib/gcc/arm-none-eabi/10.3.1/../../../../arm-none-eabi/lib/thumb/v7e-m+fp/hard\libc_nano.a(lib_a-findfp.o)
                0x0800519c                __sinit
 .text.__sfp    0x0800520c       0x8c c:/gnu arm embedded toolchain/10 2021.10/bin/../lib/gcc/arm-none-eabi/10.3.1/../../../../arm-none-eabi/lib/thumb/v7e-m+fp/hard\libc_nano.a(lib_a-findfp.o)
                0x0800520c                __sfp
 .text._fwalk_reent
                0x08005298       0x3e c:/gnu arm embedded toolchain/10 2021.10/bin/../lib/gcc/arm-none-eabi/10.3.1/../../../../arm-none-eabi/lib/thumb/v7e-m+fp/hard\libc_nano.a(lib_a-fwalk.o)
                0x08005298                _fwalk_reent
 .text.__retarget_lock_init_recursive
                0x080052d6        0x2 c:/gnu arm embedded toolchain/10 2021.10/bin/../lib/gcc/arm-none-eabi/10.3.1/../../../../arm-none-eabi/lib/thumb/v7e-m+fp/hard\libc_nano.a(lib_a-lock.o)
                0x080052d6                __retarget_lock_init_recursive
 .text.__retarget_lock_acquire_recursive
                0x080052d8        0x2 c:/gnu arm embedded toolchain/10 2021.10/bin/../lib/gcc/arm-none-eabi/10.3.1/../../../../arm-none-eabi/lib/thumb/v7e-m+fp/hard\libc_nano.a(lib_a-lock.o)
                0x080052d8                __retarget_lock_acquire_recursive
 .text.__retarget_lock_release_recursive
                0x080052da        0x2 c:/gnu arm embedded toolchain/10 2021.10/bin/../lib/gcc/arm-none-eabi/10.3.1/../../../../arm-none-eabi/lib/thumb/v7e-m+fp/hard\libc_nano.a(lib_a-lock.o)
                0x080052da                __retarget_lock_release_recursive
 .text.sbrk_aligned
                0x080052dc       0x40 c:/gnu arm embedded toolchain/10 2021.10/bin/../lib/gcc/arm-none-eabi/10.3.1/../../../../arm-none-eabi/lib/thumb/v7e-m+fp/hard\libc_nano.a(lib_a-nano-mallocr.o)
 .text._malloc_r
                0x0800531c       0xe8 c:/gnu arm embedded toolchain/10 2021.10/bin/../lib/gcc/arm-none-eabi/10.3.1/../../../../arm-none-eabi/lib/thumb/v7e-m+fp/hard\libc_nano.a(lib_a-nano-mallocr.o)
                0x0800531c                _malloc_r
 .text.__sfputc_r
                0x08005404       0x2e c:/gnu arm embedded toolchain/10 2021.10/bin/../lib/gcc/arm-none-eabi/10.3.1/../../../../arm-none-eabi/lib/thumb/v7e-m+fp/hard\libc_nano.a(lib_a-nano-vfprintf.o)
 .text.__sfputs_r
                0x08005432       0x24 c:/gnu arm embedded toolchain/10 2021.10/bin/../lib/gcc/arm-none-eabi/10.3.1/../../../../arm-none-eabi/lib/thumb/v7e-m+fp/hard\libc_nano.a(lib_a-nano-vfprintf.o)
                0x08005432                __sfputs_r
 *fill*         0x08005456        0x2 
 .text._vfprintf_r
                0x08005458      0x260 c:/gnu arm embedded toolchain/10 2021.10/bin/../lib/gcc/arm-none-eabi/10.3.1/../../../../arm-none-eabi/lib/thumb/v7e-m+fp/hard\libc_nano.a(lib_a-nano-vfprintf.o)
                0x08005458                _vfprintf_r
                0x08005458                _vfiprintf_r
 .text._printf_common
                0x080056b8       0xda c:/gnu arm embedded toolchain/10 2021.10/bin/../lib/gcc/arm-none-eabi/10.3.1/../../../../arm-none-eabi/lib/thumb/v7e-m+fp/hard\libc_nano.a(lib_a-nano-vfprintf_i.o)
                0x080056b8                _printf_common
 *fill*         0x08005792        0x2 
 .text._printf_i
                0x08005794      0x24c c:/gnu arm embedded toolchain/10 2021.10/bin/../lib/gcc/arm-none-eabi/10.3.1/../../../../arm-none-eabi/lib/thumb/v7e-m+fp/hard\libc_nano.a(lib_a-nano-vfprintf_i.o)
                0x08005794                _printf_i
 .text._sbrk_r  0x080059e0       0x20 c:/gnu arm embedded toolchain/10 2021.10/bin/../lib/gcc/arm-none-eabi/10.3.1/../../../../arm-none-eabi/lib/thumb/v7e-m+fp/hard\libc_nano.a(lib_a-sbrkr.o)
                0x080059e0                _sbrk_r
 .text.__sread  0x08005a00       0x22 c:/gnu arm embedded toolchain/10 2021.10/bin/../lib/gcc/arm-none-eabi/10.3.1/../../../../arm-none-eabi/lib/thumb/v7e-m+fp/hard\libc_nano.a(lib_a-stdio.o)
                0x08005a00                __sread
 .text.__swrite
                0x08005a22       0x38 c:/gnu arm embedded toolchain/10 2021.10/bin/../lib/gcc/arm-none-eabi/10.3.1/../../../../arm-none-eabi/lib/thumb/v7e-m+fp/hard\libc_nano.a(lib_a-stdio.o)
                0x08005a22                __swrite
 .text.__sseek  0x08005a5a       0x24 c:/gnu arm embedded toolchain/10 2021.10/bin/../lib/gcc/arm-none-eabi/10.3.1/../../../../arm-none-eabi/lib/thumb/v7e-m+fp/hard\libc_nano.a(lib_a-stdio.o)
                0x08005a5a                __sseek
 .text.__sclose
                0x08005a7e        0x8 c:/gnu arm embedded toolchain/10 2021.10/bin/../lib/gcc/arm-none-eabi/10.3.1/../../../../arm-none-eabi/lib/thumb/v7e-m+fp/hard\libc_nano.a(lib_a-stdio.o)
                0x08005a7e                __sclose
 *fill*         0x08005a86        0x2 
 .text.__swbuf_r
                0x08005a88       0xa4 c:/gnu arm embedded toolchain/10 2021.10/bin/../lib/gcc/arm-none-eabi/10.3.1/../../../../arm-none-eabi/lib/thumb/v7e-m+fp/hard\libc_nano.a(lib_a-wbuf.o)
                0x08005a88                __swbuf_r
 .text._write_r
                0x08005b2c       0x24 c:/gnu arm embedded toolchain/10 2021.10/bin/../lib/gcc/arm-none-eabi/10.3.1/../../../../arm-none-eabi/lib/thumb/v7e-m+fp/hard\libc_nano.a(lib_a-writer.o)
                0x08005b2c                _write_r
 .text.__swsetup_r
                0x08005b50       0xdc c:/gnu arm embedded toolchain/10 2021.10/bin/../lib/gcc/arm-none-eabi/10.3.1/../../../../arm-none-eabi/lib/thumb/v7e-m+fp/hard\libc_nano.a(lib_a-wsetup.o)
                0x08005b50                __swsetup_r
 .text._close_r
                0x08005c2c       0x20 c:/gnu arm embedded toolchain/10 2021.10/bin/../lib/gcc/arm-none-eabi/10.3.1/../../../../arm-none-eabi/lib/thumb/v7e-m+fp/hard\libc_nano.a(lib_a-closer.o)
                0x08005c2c                _close_r
 .text.__sflush_r
                0x08005c4c      0x10c c:/gnu arm embedded toolchain/10 2021.10/bin/../lib/gcc/arm-none-eabi/10.3.1/../../../../arm-none-eabi/lib/thumb/v7e-m+fp/hard\libc_nano.a(lib_a-fflush.o)
                0x08005c4c                __sflush_r
 .text._fflush_r
                0x08005d58       0x78 c:/gnu arm embedded toolchain/10 2021.10/bin/../lib/gcc/arm-none-eabi/10.3.1/../../../../arm-none-eabi/lib/thumb/v7e-m+fp/hard\libc_nano.a(lib_a-fflush.o)
                0x08005d58                _fflush_r
 .text._lseek_r
                0x08005dd0       0x24 c:/gnu arm embedded toolchain/10 2021.10/bin/../lib/gcc/arm-none-eabi/10.3.1/../../../../arm-none-eabi/lib/thumb/v7e-m+fp/hard\libc_nano.a(lib_a-lseekr.o)
                0x08005dd0                _lseek_r
 .text.__swhatbuf_r
                0x08005df4       0x4a c:/gnu arm embedded toolchain/10 2021.10/bin/../lib/gcc/arm-none-eabi/10.3.1/../../../../arm-none-eabi/lib/thumb/v7e-m+fp/hard\libc_nano.a(lib_a-makebuf.o)
                0x08005df4                __swhatbuf_r
 *fill*         0x08005e3e        0x2 
 .text.__smakebuf_r
                0x08005e40       0x80 c:/gnu arm embedded toolchain/10 2021.10/bin/../lib/gcc/arm-none-eabi/10.3.1/../../../../arm-none-eabi/lib/thumb/v7e-m+fp/hard\libc_nano.a(lib_a-makebuf.o)
                0x08005e40                __smakebuf_r
 .text.__malloc_lock
                0x08005ec0        0xc c:/gnu arm embedded toolchain/10 2021.10/bin/../lib/gcc/arm-none-eabi/10.3.1/../../../../arm-none-eabi/lib/thumb/v7e-m+fp/hard\libc_nano.a(lib_a-mlock.o)
                0x08005ec0                __malloc_lock
 .text.__malloc_unlock
                0x08005ecc        0xc c:/gnu arm embedded toolchain/10 2021.10/bin/../lib/gcc/arm-none-eabi/10.3.1/../../../../arm-none-eabi/lib/thumb/v7e-m+fp/hard\libc_nano.a(lib_a-mlock.o)
                0x08005ecc                __malloc_unlock
 .text._free_r  0x08005ed8       0x98 c:/gnu arm embedded toolchain/10 2021.10/bin/../lib/gcc/arm-none-eabi/10.3.1/../../../../arm-none-eabi/lib/thumb/v7e-m+fp/hard\libc_nano.a(lib_a-nano-freer.o)
                0x08005ed8                _free_r
 .text._read_r  0x08005f70       0x24 c:/gnu arm embedded toolchain/10 2021.10/bin/../lib/gcc/arm-none-eabi/10.3.1/../../../../arm-none-eabi/lib/thumb/v7e-m+fp/hard\libc_nano.a(lib_a-readr.o)
                0x08005f70                _read_r
 .text._fstat_r
                0x08005f94       0x24 c:/gnu arm embedded toolchain/10 2021.10/bin/../lib/gcc/arm-none-eabi/10.3.1/../../../../arm-none-eabi/lib/thumb/v7e-m+fp/hard\libc_nano.a(lib_a-fstatr.o)
                0x08005f94                _fstat_r
 .text._isatty_r
                0x08005fb8       0x20 c:/gnu arm embedded toolchain/10 2021.10/bin/../lib/gcc/arm-none-eabi/10.3.1/../../../../arm-none-eabi/lib/thumb/v7e-m+fp/hard\libc_nano.a(lib_a-isattyr.o)
                0x08005fb8                _isatty_r
 .text._close   0x08005fd8       0x10 c:/gnu arm embedded toolchain/10 2021.10/bin/../lib/gcc/arm-none-eabi/10.3.1/../../../../arm-none-eabi/lib/thumb/v7e-m+fp/hard\libnosys.a(close.o)
                0x08005fd8                _close
 .text._fstat   0x08005fe8       0x10 c:/gnu arm embedded toolchain/10 2021.10/bin/../lib/gcc/arm-none-eabi/10.3.1/../../../../arm-none-eabi/lib/thumb/v7e-m+fp/hard\libnosys.a(fstat.o)
                0x08005fe8                _fstat
 .text._isatty  0x08005ff8       0x10 c:/gnu arm embedded toolchain/10 2021.10/bin/../lib/gcc/arm-none-eabi/10.3.1/../../../../arm-none-eabi/lib/thumb/v7e-m+fp/hard\libnosys.a(isatty.o)
                0x08005ff8                _isatty
 .text._lseek   0x08006008       0x10 c:/gnu arm embedded toolchain/10 2021.10/bin/../lib/gcc/arm-none-eabi/10.3.1/../../../../arm-none-eabi/lib/thumb/v7e-m+fp/hard\libnosys.a(lseek.o)
                0x08006008                _lseek
 .text._read    0x08006018       0x10 c:/gnu arm embedded toolchain/10 2021.10/bin/../lib/gcc/arm-none-eabi/10.3.1/../../../../arm-none-eabi/lib/thumb/v7e-m+fp/hard\libnosys.a(read.o)
                0x08006018                _read
 .text._sbrk    0x08006028       0x1c c:/gnu arm embedded toolchain/10 2021.10/bin/../lib/gcc/arm-none-eabi/10.3.1/../../../../arm-none-eabi/lib/thumb/v7e-m+fp/hard\libnosys.a(sbrk.o)
                0x08006028                _sbrk
 .text._write   0x08006044       0x10 c:/gnu arm embedded toolchain/10 2021.10/bin/../lib/gcc/arm-none-eabi/10.3.1/../../../../arm-none-eabi/lib/thumb/v7e-m+fp/hard\libnosys.a(write.o)
                0x08006044                _write
 *(.glue_7)
 .glue_7        0x08006054        0x0 linker stubs
 *(.glue_7t)
 .glue_7t       0x08006054        0x0 linker stubs
 *(.eh_frame)
 .eh_frame      0x08006054        0x0 c:/gnu arm embedded toolchain/10 2021.10/bin/../lib/gcc/arm-none-eabi/10.3.1/thumb/v7e-m+fp/hard/crtbegin.o
 *(.init)
 .init          0x08006054        0x4 c:/gnu arm embedded toolchain/10 2021.10/bin/../lib/gcc/arm-none-eabi/10.3.1/thumb/v7e-m+fp/hard/crti.o
                0x08006054                _init
 .init          0x08006058        0x8 c:/gnu arm embedded toolchain/10 2021.10/bin/../lib/gcc/arm-none-eabi/10.3.1/thumb/v7e-m+fp/hard/crtn.o
 *(.fini)
 .fini          0x08006060        0x4 c:/gnu arm embedded toolchain/10 2021.10/bin/../lib/gcc/arm-none-eabi/10.3.1/thumb/v7e-m+fp/hard/crti.o
                0x08006060                _fini
 .fini          0x08006064        0x8 c:/gnu arm embedded toolchain/10 2021.10/bin/../lib/gcc/arm-none-eabi/10.3.1/thumb/v7e-m+fp/hard/crtn.o
                0x0800606c                . = ALIGN (0x4)
                0x0800606c                _etext = .

.vfp11_veneer   0x0800606c        0x0
 .vfp11_veneer  0x0800606c        0x0 linker stubs

.v4_bx          0x0800606c        0x0
 .v4_bx         0x0800606c        0x0 linker stubs

.iplt           0x0800606c        0x0
 .iplt          0x0800606c        0x0 c:/gnu arm embedded toolchain/10 2021.10/bin/../lib/gcc/arm-none-eabi/10.3.1/thumb/v7e-m+fp/hard/crtbegin.o

.rodata         0x0800606c      0x194
                0x0800606c                . = ALIGN (0x4)
 *(.rodata)
 *(.rodata*)
 .rodata.Sensor_Reading_Task.str1.4
                0x0800606c        0xc build/main.o
 .rodata.str1.4
                0x08006078       0x30 build/main.o
 .rodata.defaultTask_attributes
                0x080060a8       0x24 build/main.o
                0x080060a8                defaultTask_attributes
 .rodata.myTask02_attributes
                0x080060cc       0x24 build/main.o
                0x080060cc                myTask02_attributes
 .rodata.myTask03_attributes
                0x080060f0       0x24 build/main.o
                0x080060f0                myTask03_attributes
 .rodata.myTask04_attributes
                0x08006114       0x24 build/main.o
                0x08006114                myTask04_attributes
 .rodata.AHBPrescTable
                0x08006138       0x10 build/system_stm32f7xx.o
                0x08006138                AHBPrescTable
 .rodata.APBPrescTable
                0x08006148        0x8 build/system_stm32f7xx.o
                0x08006148                APBPrescTable
 .rodata.vTaskStartScheduler.str1.4
                0x08006150        0x5 build/tasks.o
 *fill*         0x08006155        0x3 
 .rodata.prvCheckForValidListAndQueue.str1.4
                0x08006158        0x5 build/timers.o
 *fill*         0x0800615d        0x3 
 .rodata.xTimerCreateTimerTask.str1.4
                0x08006160        0x8 build/timers.o
 .rodata._global_impure_ptr
                0x08006168        0x4 c:/gnu arm embedded toolchain/10 2021.10/bin/../lib/gcc/arm-none-eabi/10.3.1/../../../../arm-none-eabi/lib/thumb/v7e-m+fp/hard\libc_nano.a(lib_a-impure.o)
                0x08006168                _global_impure_ptr
 .rodata.__sf_fake_stderr
                0x0800616c       0x20 c:/gnu arm embedded toolchain/10 2021.10/bin/../lib/gcc/arm-none-eabi/10.3.1/../../../../arm-none-eabi/lib/thumb/v7e-m+fp/hard\libc_nano.a(lib_a-findfp.o)
                0x0800616c                __sf_fake_stderr
 .rodata.__sf_fake_stdin
                0x0800618c       0x20 c:/gnu arm embedded toolchain/10 2021.10/bin/../lib/gcc/arm-none-eabi/10.3.1/../../../../arm-none-eabi/lib/thumb/v7e-m+fp/hard\libc_nano.a(lib_a-findfp.o)
                0x0800618c                __sf_fake_stdin
 .rodata.__sf_fake_stdout
                0x080061ac       0x20 c:/gnu arm embedded toolchain/10 2021.10/bin/../lib/gcc/arm-none-eabi/10.3.1/../../../../arm-none-eabi/lib/thumb/v7e-m+fp/hard\libc_nano.a(lib_a-findfp.o)
                0x080061ac                __sf_fake_stdout
 .rodata._vfprintf_r.str1.1
                0x080061cc       0x11 c:/gnu arm embedded toolchain/10 2021.10/bin/../lib/gcc/arm-none-eabi/10.3.1/../../../../arm-none-eabi/lib/thumb/v7e-m+fp/hard\libc_nano.a(lib_a-nano-vfprintf.o)
 .rodata._printf_i.str1.1
                0x080061dd       0x22 c:/gnu arm embedded toolchain/10 2021.10/bin/../lib/gcc/arm-none-eabi/10.3.1/../../../../arm-none-eabi/lib/thumb/v7e-m+fp/hard\libc_nano.a(lib_a-nano-vfprintf_i.o)
                0x08006200                . = ALIGN (0x4)
 *fill*         0x080061ff        0x1 

.ARM.extab
 *(.ARM.extab* .gnu.linkonce.armextab.*)

.ARM            0x08006200        0x8
                0x08006200                __exidx_start = .
 *(.ARM.exidx*)
 .ARM.exidx     0x08006200        0x8 c:/gnu arm embedded toolchain/10 2021.10/bin/../lib/gcc/arm-none-eabi/10.3.1/thumb/v7e-m+fp/hard\libgcc.a(_udivmoddi4.o)
                0x08006208                __exidx_end = .

.rel.dyn        0x08006208        0x0
 .rel.iplt      0x08006208        0x0 c:/gnu arm embedded toolchain/10 2021.10/bin/../lib/gcc/arm-none-eabi/10.3.1/thumb/v7e-m+fp/hard/crtbegin.o

.preinit_array  0x08006208        0x0
                0x08006208                PROVIDE (__preinit_array_start = .)
 *(.preinit_array*)
                0x08006208                PROVIDE (__preinit_array_end = .)

.init_array     0x08006208        0x4
                0x08006208                PROVIDE (__init_array_start = .)
 *(SORT_BY_NAME(.init_array.*))
 *(.init_array*)
 .init_array    0x08006208        0x4 c:/gnu arm embedded toolchain/10 2021.10/bin/../lib/gcc/arm-none-eabi/10.3.1/thumb/v7e-m+fp/hard/crtbegin.o
                0x0800620c                PROVIDE (__init_array_end = .)

.fini_array     0x0800620c        0x4
                [!provide]                PROVIDE (__fini_array_start = .)
 *(SORT_BY_NAME(.fini_array.*))
 *(.fini_array*)
 .fini_array    0x0800620c        0x4 c:/gnu arm embedded toolchain/10 2021.10/bin/../lib/gcc/arm-none-eabi/10.3.1/thumb/v7e-m+fp/hard/crtbegin.o
                [!provide]                PROVIDE (__fini_array_end = .)
                0x08006210                _sidata = LOADADDR (.data)

.data           0x20000000       0x74 load address 0x08006210
                0x20000000                . = ALIGN (0x4)
                0x20000000                _sdata = .
 *(.data)
 *(.data*)
 .data.uwTickFreq
                0x20000000        0x1 build/stm32f7xx_hal.o
                0x20000000                uwTickFreq
 *fill*         0x20000001        0x3 
 .data.uwTickPrio
                0x20000004        0x4 build/stm32f7xx_hal.o
                0x20000004                uwTickPrio
 .data.SystemCoreClock
                0x20000008        0x4 build/system_stm32f7xx.o
                0x20000008                SystemCoreClock
 .data.uxCriticalNesting
                0x2000000c        0x4 build/port.o
 .data._impure_ptr
                0x20000010        0x4 c:/gnu arm embedded toolchain/10 2021.10/bin/../lib/gcc/arm-none-eabi/10.3.1/../../../../arm-none-eabi/lib/thumb/v7e-m+fp/hard\libc_nano.a(lib_a-impure.o)
                0x20000010                _impure_ptr
 .data.impure_data
                0x20000014       0x60 c:/gnu arm embedded toolchain/10 2021.10/bin/../lib/gcc/arm-none-eabi/10.3.1/../../../../arm-none-eabi/lib/thumb/v7e-m+fp/hard\libc_nano.a(lib_a-impure.o)
                0x20000074                . = ALIGN (0x4)
                0x20000074                _edata = .

.igot.plt       0x20000074        0x0 load address 0x08006284
 .igot.plt      0x20000074        0x0 c:/gnu arm embedded toolchain/10 2021.10/bin/../lib/gcc/arm-none-eabi/10.3.1/thumb/v7e-m+fp/hard/crtbegin.o
                0x20000074                . = ALIGN (0x4)

.bss            0x20000074     0x4f1c load address 0x08006284
                0x20000074                _sbss = .
                0x20000074                __bss_start__ = _sbss
 *(.bss)
 .bss           0x20000074       0x1c c:/gnu arm embedded toolchain/10 2021.10/bin/../lib/gcc/arm-none-eabi/10.3.1/thumb/v7e-m+fp/hard/crtbegin.o
 *(.bss*)
 .bss.defaultTaskHandle
                0x20000090        0x4 build/main.o
                0x20000090                defaultTaskHandle
 .bss.hi2c2     0x20000094       0x4c build/main.o
                0x20000094                hi2c2
 .bss.hpcd_USB_OTG_FS
                0x200000e0      0x404 build/main.o
                0x200000e0                hpcd_USB_OTG_FS
 .bss.hspi1     0x200004e4       0x64 build/main.o
                0x200004e4                hspi1
 .bss.huart2    0x20000548       0x84 build/main.o
                0x20000548                huart2
 .bss.myTask02Handle
                0x200005cc        0x4 build/main.o
                0x200005cc                myTask02Handle
 .bss.myTask03Handle
                0x200005d0        0x4 build/main.o
                0x200005d0                myTask03Handle
 .bss.myTask04Handle
                0x200005d4        0x4 build/main.o
                0x200005d4                myTask04Handle
 .bss.htim1     0x200005d8       0x4c build/stm32f7xx_hal_timebase_tim.o
                0x200005d8                htim1
 .bss.Presence  0x20000624        0x1 build/ds18b20.o
                0x20000624                Presence
 *fill*         0x20000625        0x1 
 .bss.TEMP      0x20000626        0x2 build/ds18b20.o
                0x20000626                TEMP
 .bss.Temp_byte1
                0x20000628        0x1 build/ds18b20.o
                0x20000628                Temp_byte1
 .bss.Temp_byte2
                0x20000629        0x1 build/ds18b20.o
                0x20000629                Temp_byte2
 *fill*         0x2000062a        0x2 
 .bss.Temperature
                0x2000062c        0x4 build/ds18b20.o
                0x2000062c                Temperature
 .bss.uwTick    0x20000630        0x4 build/stm32f7xx_hal.o
                0x20000630                uwTick
 .bss.xQueueRegistry
                0x20000634       0x40 build/queue.o
                0x20000634                xQueueRegistry
 .bss.pxCurrentTCB
                0x20000674        0x4 build/tasks.o
                0x20000674                pxCurrentTCB
 .bss.pxDelayedTaskList
                0x20000678        0x4 build/tasks.o
 .bss.pxOverflowDelayedTaskList
                0x2000067c        0x4 build/tasks.o
 .bss.pxReadyTasksLists
                0x20000680      0x460 build/tasks.o
 .bss.uxCurrentNumberOfTasks
                0x20000ae0        0x4 build/tasks.o
 .bss.uxDeletedTasksWaitingCleanUp
                0x20000ae4        0x4 build/tasks.o
 .bss.uxPendedTicks
                0x20000ae8        0x4 build/tasks.o
 .bss.uxSchedulerSuspended
                0x20000aec        0x4 build/tasks.o
 .bss.uxTaskNumber
                0x20000af0        0x4 build/tasks.o
 .bss.uxTopReadyPriority
                0x20000af4        0x4 build/tasks.o
 .bss.xDelayedTaskList1
                0x20000af8       0x14 build/tasks.o
 .bss.xDelayedTaskList2
                0x20000b0c       0x14 build/tasks.o
 .bss.xIdleTaskHandle
                0x20000b20        0x4 build/tasks.o
 .bss.xNextTaskUnblockTime
                0x20000b24        0x4 build/tasks.o
 .bss.xNumOfOverflows
                0x20000b28        0x4 build/tasks.o
 .bss.xPendingReadyList
                0x20000b2c       0x14 build/tasks.o
 .bss.xSchedulerRunning
                0x20000b40        0x4 build/tasks.o
 .bss.xSuspendedTaskList
                0x20000b44       0x14 build/tasks.o
 .bss.xTasksWaitingTermination
                0x20000b58       0x14 build/tasks.o
 .bss.xTickCount
                0x20000b6c        0x4 build/tasks.o
 .bss.xYieldPending
                0x20000b70        0x4 build/tasks.o
 .bss.pxCurrentTimerList
                0x20000b74        0x4 build/timers.o
 .bss.pxOverflowTimerList
                0x20000b78        0x4 build/timers.o
 .bss.ucStaticTimerQueueStorage.1
                0x20000b7c       0xa0 build/timers.o
 .bss.xActiveTimerList1
                0x20000c1c       0x14 build/timers.o
 .bss.xActiveTimerList2
                0x20000c30       0x14 build/timers.o
 .bss.xLastTime.2
                0x20000c44        0x4 build/timers.o
 .bss.xStaticTimerQueue.0
                0x20000c48       0x50 build/timers.o
 .bss.xTimerQueue
                0x20000c98        0x4 build/timers.o
 .bss.xTimerTaskHandle
                0x20000c9c        0x4 build/timers.o
 .bss.Idle_Stack
                0x20000ca0      0x200 build/cmsis_os2.o
 .bss.Idle_TCB  0x20000ea0       0x5c build/cmsis_os2.o
 .bss.KernelState
                0x20000efc        0x4 build/cmsis_os2.o
 .bss.Timer_Stack
                0x20000f00      0x400 build/cmsis_os2.o
 .bss.Timer_TCB
                0x20001300       0x5c build/cmsis_os2.o
 .bss.pxEnd     0x2000135c        0x4 build/heap_4.o
 .bss.ucHeap    0x20001360     0x3c00 build/heap_4.o
 .bss.xBlockAllocatedBit
                0x20004f60        0x4 build/heap_4.o
 .bss.xFreeBytesRemaining
                0x20004f64        0x4 build/heap_4.o
 .bss.xMinimumEverFreeBytesRemaining
                0x20004f68        0x4 build/heap_4.o
 .bss.xStart    0x20004f6c        0x8 build/heap_4.o
 .bss.ucMaxSysCallPriority
                0x20004f74        0x1 build/port.o
 *fill*         0x20004f75        0x3 
 .bss.ulMaxPRIGROUPValue
                0x20004f78        0x4 build/port.o
 .bss.__lock___malloc_recursive_mutex
                0x20004f7c        0x1 c:/gnu arm embedded toolchain/10 2021.10/bin/../lib/gcc/arm-none-eabi/10.3.1/../../../../arm-none-eabi/lib/thumb/v7e-m+fp/hard\libc_nano.a(lib_a-lock.o)
                0x20004f7c                __lock___malloc_recursive_mutex
 .bss.__lock___sfp_recursive_mutex
                0x20004f7d        0x1 c:/gnu arm embedded toolchain/10 2021.10/bin/../lib/gcc/arm-none-eabi/10.3.1/../../../../arm-none-eabi/lib/thumb/v7e-m+fp/hard\libc_nano.a(lib_a-lock.o)
                0x20004f7d                __lock___sfp_recursive_mutex
 .bss.__lock___sinit_recursive_mutex
                0x20004f7e        0x1 c:/gnu arm embedded toolchain/10 2021.10/bin/../lib/gcc/arm-none-eabi/10.3.1/../../../../arm-none-eabi/lib/thumb/v7e-m+fp/hard\libc_nano.a(lib_a-lock.o)
                0x20004f7e                __lock___sinit_recursive_mutex
 *fill*         0x20004f7f        0x1 
 .bss.__malloc_free_list
                0x20004f80        0x4 c:/gnu arm embedded toolchain/10 2021.10/bin/../lib/gcc/arm-none-eabi/10.3.1/../../../../arm-none-eabi/lib/thumb/v7e-m+fp/hard\libc_nano.a(lib_a-nano-mallocr.o)
                0x20004f80                __malloc_free_list
 .bss.__malloc_sbrk_start
                0x20004f84        0x4 c:/gnu arm embedded toolchain/10 2021.10/bin/../lib/gcc/arm-none-eabi/10.3.1/../../../../arm-none-eabi/lib/thumb/v7e-m+fp/hard\libc_nano.a(lib_a-nano-mallocr.o)
                0x20004f84                __malloc_sbrk_start
 .bss.errno     0x20004f88        0x4 c:/gnu arm embedded toolchain/10 2021.10/bin/../lib/gcc/arm-none-eabi/10.3.1/../../../../arm-none-eabi/lib/thumb/v7e-m+fp/hard\libc_nano.a(lib_a-reent.o)
                0x20004f88                errno
 .bss.heap_end.0
                0x20004f8c        0x4 c:/gnu arm embedded toolchain/10 2021.10/bin/../lib/gcc/arm-none-eabi/10.3.1/../../../../arm-none-eabi/lib/thumb/v7e-m+fp/hard\libnosys.a(sbrk.o)
 *(COMMON)
                0x20004f90                . = ALIGN (0x4)
                0x20004f90                _ebss = .
                0x20004f90                __bss_end__ = _ebss

._user_heap_stack
                0x20004f90      0x600 load address 0x08006284
                0x20004f90                . = ALIGN (0x8)
                0x20004f90                PROVIDE (end = .)
                [!provide]                PROVIDE (_end = .)
                0x20005190                . = (. + _Min_Heap_Size)
 *fill*         0x20004f90      0x200 
                0x20005590                . = (. + _Min_Stack_Size)
 *fill*         0x20005190      0x400 
                0x20005590                . = ALIGN (0x8)

/DISCARD/
 libc.a(*)
 libm.a(*)
 libgcc.a(*)

.ARM.attributes
                0x00000000       0x30
 *(.ARM.attributes)
 .ARM.attributes
                0x00000000       0x1e c:/gnu arm embedded toolchain/10 2021.10/bin/../lib/gcc/arm-none-eabi/10.3.1/thumb/v7e-m+fp/hard/crti.o
 .ARM.attributes
                0x0000001e       0x34 c:/gnu arm embedded toolchain/10 2021.10/bin/../lib/gcc/arm-none-eabi/10.3.1/thumb/v7e-m+fp/hard/crtbegin.o
 .ARM.attributes
                0x00000052       0x34 build/main.o
 .ARM.attributes
                0x00000086       0x34 build/stm32f7xx_it.o
 .ARM.attributes
                0x000000ba       0x34 build/stm32f7xx_hal_msp.o
 .ARM.attributes
                0x000000ee       0x34 build/stm32f7xx_hal_timebase_tim.o
 .ARM.attributes
                0x00000122       0x34 build/ds18b20.o
 .ARM.attributes
                0x00000156       0x34 build/stm32f7xx_hal_cortex.o
 .ARM.attributes
                0x0000018a       0x34 build/stm32f7xx_hal_rcc.o
 .ARM.attributes
                0x000001be       0x34 build/stm32f7xx_hal_rcc_ex.o
 .ARM.attributes
                0x000001f2       0x34 build/stm32f7xx_hal_gpio.o
 .ARM.attributes
                0x00000226       0x34 build/stm32f7xx_hal_pwr.o
 .ARM.attributes
                0x0000025a       0x34 build/stm32f7xx_hal.o
 .ARM.attributes
                0x0000028e       0x34 build/stm32f7xx_hal_i2c.o
 .ARM.attributes
                0x000002c2       0x34 build/stm32f7xx_hal_i2c_ex.o
 .ARM.attributes
                0x000002f6       0x34 build/stm32f7xx_hal_spi.o
 .ARM.attributes
                0x0000032a       0x34 build/stm32f7xx_hal_tim.o
 .ARM.attributes
                0x0000035e       0x34 build/stm32f7xx_hal_tim_ex.o
 .ARM.attributes
                0x00000392       0x34 build/stm32f7xx_hal_uart.o
 .ARM.attributes
                0x000003c6       0x34 build/stm32f7xx_hal_pcd.o
 .ARM.attributes
                0x000003fa       0x34 build/stm32f7xx_hal_pcd_ex.o
 .ARM.attributes
                0x0000042e       0x34 build/stm32f7xx_ll_usb.o
 .ARM.attributes
                0x00000462       0x34 build/dwt_delay.o
 .ARM.attributes
                0x00000496       0x34 build/system_stm32f7xx.o
 .ARM.attributes
                0x000004ca       0x34 build/list.o
 .ARM.attributes
                0x000004fe       0x34 build/queue.o
 .ARM.attributes
                0x00000532       0x34 build/tasks.o
 .ARM.attributes
                0x00000566       0x34 build/timers.o
 .ARM.attributes
                0x0000059a       0x34 build/cmsis_os2.o
 .ARM.attributes
                0x000005ce       0x34 build/heap_4.o
 .ARM.attributes
                0x00000602       0x34 build/port.o
 .ARM.attributes
                0x00000636       0x21 build/startup_stm32f746xx.o
 .ARM.attributes
                0x00000657       0x34 c:/gnu arm embedded toolchain/10 2021.10/bin/../lib/gcc/arm-none-eabi/10.3.1/../../../../arm-none-eabi/lib/thumb/v7e-m+fp/hard\libc_nano.a(lib_a-impure.o)
 .ARM.attributes
                0x0000068b       0x34 c:/gnu arm embedded toolchain/10 2021.10/bin/../lib/gcc/arm-none-eabi/10.3.1/../../../../arm-none-eabi/lib/thumb/v7e-m+fp/hard\libc_nano.a(lib_a-init.o)
 .ARM.attributes
                0x000006bf       0x34 c:/gnu arm embedded toolchain/10 2021.10/bin/../lib/gcc/arm-none-eabi/10.3.1/../../../../arm-none-eabi/lib/thumb/v7e-m+fp/hard\libc_nano.a(lib_a-memcpy-stub.o)
 .ARM.attributes
                0x000006f3       0x34 c:/gnu arm embedded toolchain/10 2021.10/bin/../lib/gcc/arm-none-eabi/10.3.1/../../../../arm-none-eabi/lib/thumb/v7e-m+fp/hard\libc_nano.a(lib_a-memset.o)
 .ARM.attributes
                0x00000727       0x34 c:/gnu arm embedded toolchain/10 2021.10/bin/../lib/gcc/arm-none-eabi/10.3.1/../../../../arm-none-eabi/lib/thumb/v7e-m+fp/hard\libc_nano.a(lib_a-printf.o)
 .ARM.attributes
                0x0000075b       0x34 c:/gnu arm embedded toolchain/10 2021.10/bin/../lib/gcc/arm-none-eabi/10.3.1/../../../../arm-none-eabi/lib/thumb/v7e-m+fp/hard\libc_nano.a(lib_a-findfp.o)
 .ARM.attributes
                0x0000078f       0x34 c:/gnu arm embedded toolchain/10 2021.10/bin/../lib/gcc/arm-none-eabi/10.3.1/../../../../arm-none-eabi/lib/thumb/v7e-m+fp/hard\libc_nano.a(lib_a-fwalk.o)
 .ARM.attributes
                0x000007c3       0x34 c:/gnu arm embedded toolchain/10 2021.10/bin/../lib/gcc/arm-none-eabi/10.3.1/../../../../arm-none-eabi/lib/thumb/v7e-m+fp/hard\libc_nano.a(lib_a-lock.o)
 .ARM.attributes
                0x000007f7       0x34 c:/gnu arm embedded toolchain/10 2021.10/bin/../lib/gcc/arm-none-eabi/10.3.1/../../../../arm-none-eabi/lib/thumb/v7e-m+fp/hard\libc_nano.a(lib_a-nano-mallocr.o)
 .ARM.attributes
                0x0000082b       0x34 c:/gnu arm embedded toolchain/10 2021.10/bin/../lib/gcc/arm-none-eabi/10.3.1/../../../../arm-none-eabi/lib/thumb/v7e-m+fp/hard\libc_nano.a(lib_a-nano-vfprintf.o)
 .ARM.attributes
                0x0000085f       0x34 c:/gnu arm embedded toolchain/10 2021.10/bin/../lib/gcc/arm-none-eabi/10.3.1/../../../../arm-none-eabi/lib/thumb/v7e-m+fp/hard\libc_nano.a(lib_a-nano-vfprintf_i.o)
 .ARM.attributes
                0x00000893       0x34 c:/gnu arm embedded toolchain/10 2021.10/bin/../lib/gcc/arm-none-eabi/10.3.1/../../../../arm-none-eabi/lib/thumb/v7e-m+fp/hard\libc_nano.a(lib_a-sbrkr.o)
 .ARM.attributes
                0x000008c7       0x34 c:/gnu arm embedded toolchain/10 2021.10/bin/../lib/gcc/arm-none-eabi/10.3.1/../../../../arm-none-eabi/lib/thumb/v7e-m+fp/hard\libc_nano.a(lib_a-stdio.o)
 .ARM.attributes
                0x000008fb       0x34 c:/gnu arm embedded toolchain/10 2021.10/bin/../lib/gcc/arm-none-eabi/10.3.1/../../../../arm-none-eabi/lib/thumb/v7e-m+fp/hard\libc_nano.a(lib_a-wbuf.o)
 .ARM.attributes
                0x0000092f       0x34 c:/gnu arm embedded toolchain/10 2021.10/bin/../lib/gcc/arm-none-eabi/10.3.1/../../../../arm-none-eabi/lib/thumb/v7e-m+fp/hard\libc_nano.a(lib_a-writer.o)
 .ARM.attributes
                0x00000963       0x34 c:/gnu arm embedded toolchain/10 2021.10/bin/../lib/gcc/arm-none-eabi/10.3.1/../../../../arm-none-eabi/lib/thumb/v7e-m+fp/hard\libc_nano.a(lib_a-wsetup.o)
 .ARM.attributes
                0x00000997       0x34 c:/gnu arm embedded toolchain/10 2021.10/bin/../lib/gcc/arm-none-eabi/10.3.1/../../../../arm-none-eabi/lib/thumb/v7e-m+fp/hard\libc_nano.a(lib_a-closer.o)
 .ARM.attributes
                0x000009cb       0x34 c:/gnu arm embedded toolchain/10 2021.10/bin/../lib/gcc/arm-none-eabi/10.3.1/../../../../arm-none-eabi/lib/thumb/v7e-m+fp/hard\libc_nano.a(lib_a-fflush.o)
 .ARM.attributes
                0x000009ff       0x34 c:/gnu arm embedded toolchain/10 2021.10/bin/../lib/gcc/arm-none-eabi/10.3.1/../../../../arm-none-eabi/lib/thumb/v7e-m+fp/hard\libc_nano.a(lib_a-lseekr.o)
 .ARM.attributes
                0x00000a33       0x34 c:/gnu arm embedded toolchain/10 2021.10/bin/../lib/gcc/arm-none-eabi/10.3.1/../../../../arm-none-eabi/lib/thumb/v7e-m+fp/hard\libc_nano.a(lib_a-makebuf.o)
 .ARM.attributes
                0x00000a67       0x1c c:/gnu arm embedded toolchain/10 2021.10/bin/../lib/gcc/arm-none-eabi/10.3.1/../../../../arm-none-eabi/lib/thumb/v7e-m+fp/hard\libc_nano.a(lib_a-memchr.o)
 .ARM.attributes
                0x00000a83       0x34 c:/gnu arm embedded toolchain/10 2021.10/bin/../lib/gcc/arm-none-eabi/10.3.1/../../../../arm-none-eabi/lib/thumb/v7e-m+fp/hard\libc_nano.a(lib_a-mlock.o)
 .ARM.attributes
                0x00000ab7       0x34 c:/gnu arm embedded toolchain/10 2021.10/bin/../lib/gcc/arm-none-eabi/10.3.1/../../../../arm-none-eabi/lib/thumb/v7e-m+fp/hard\libc_nano.a(lib_a-nano-freer.o)
 .ARM.attributes
                0x00000aeb       0x34 c:/gnu arm embedded toolchain/10 2021.10/bin/../lib/gcc/arm-none-eabi/10.3.1/../../../../arm-none-eabi/lib/thumb/v7e-m+fp/hard\libc_nano.a(lib_a-readr.o)
 .ARM.attributes
                0x00000b1f       0x34 c:/gnu arm embedded toolchain/10 2021.10/bin/../lib/gcc/arm-none-eabi/10.3.1/../../../../arm-none-eabi/lib/thumb/v7e-m+fp/hard\libc_nano.a(lib_a-reent.o)
 .ARM.attributes
                0x00000b53       0x34 c:/gnu arm embedded toolchain/10 2021.10/bin/../lib/gcc/arm-none-eabi/10.3.1/../../../../arm-none-eabi/lib/thumb/v7e-m+fp/hard\libc_nano.a(lib_a-fstatr.o)
 .ARM.attributes
                0x00000b87       0x34 c:/gnu arm embedded toolchain/10 2021.10/bin/../lib/gcc/arm-none-eabi/10.3.1/../../../../arm-none-eabi/lib/thumb/v7e-m+fp/hard\libc_nano.a(lib_a-isattyr.o)
 .ARM.attributes
                0x00000bbb       0x34 c:/gnu arm embedded toolchain/10 2021.10/bin/../lib/gcc/arm-none-eabi/10.3.1/../../../../arm-none-eabi/lib/thumb/v7e-m+fp/hard\libnosys.a(close.o)
 .ARM.attributes
                0x00000bef       0x34 c:/gnu arm embedded toolchain/10 2021.10/bin/../lib/gcc/arm-none-eabi/10.3.1/../../../../arm-none-eabi/lib/thumb/v7e-m+fp/hard\libnosys.a(fstat.o)
 .ARM.attributes
                0x00000c23       0x34 c:/gnu arm embedded toolchain/10 2021.10/bin/../lib/gcc/arm-none-eabi/10.3.1/../../../../arm-none-eabi/lib/thumb/v7e-m+fp/hard\libnosys.a(isatty.o)
 .ARM.attributes
                0x00000c57       0x34 c:/gnu arm embedded toolchain/10 2021.10/bin/../lib/gcc/arm-none-eabi/10.3.1/../../../../arm-none-eabi/lib/thumb/v7e-m+fp/hard\libnosys.a(lseek.o)
 .ARM.attributes
                0x00000c8b       0x34 c:/gnu arm embedded toolchain/10 2021.10/bin/../lib/gcc/arm-none-eabi/10.3.1/../../../../arm-none-eabi/lib/thumb/v7e-m+fp/hard\libnosys.a(read.o)
 .ARM.attributes
                0x00000cbf       0x34 c:/gnu arm embedded toolchain/10 2021.10/bin/../lib/gcc/arm-none-eabi/10.3.1/../../../../arm-none-eabi/lib/thumb/v7e-m+fp/hard\libnosys.a(sbrk.o)
 .ARM.attributes
                0x00000cf3       0x34 c:/gnu arm embedded toolchain/10 2021.10/bin/../lib/gcc/arm-none-eabi/10.3.1/../../../../arm-none-eabi/lib/thumb/v7e-m+fp/hard\libnosys.a(write.o)
 .ARM.attributes
                0x00000d27       0x1e c:/gnu arm embedded toolchain/10 2021.10/bin/../lib/gcc/arm-none-eabi/10.3.1/thumb/v7e-m+fp/hard\libgcc.a(_arm_addsubdf3.o)
 .ARM.attributes
                0x00000d45       0x1e c:/gnu arm embedded toolchain/10 2021.10/bin/../lib/gcc/arm-none-eabi/10.3.1/thumb/v7e-m+fp/hard\libgcc.a(_aeabi_uldivmod.o)
 .ARM.attributes
                0x00000d63       0x34 c:/gnu arm embedded toolchain/10 2021.10/bin/../lib/gcc/arm-none-eabi/10.3.1/thumb/v7e-m+fp/hard\libgcc.a(_udivmoddi4.o)
 .ARM.attributes
                0x00000d97       0x1e c:/gnu arm embedded toolchain/10 2021.10/bin/../lib/gcc/arm-none-eabi/10.3.1/thumb/v7e-m+fp/hard\libgcc.a(_dvmd_tls.o)
 .ARM.attributes
                0x00000db5       0x1e c:/gnu arm embedded toolchain/10 2021.10/bin/../lib/gcc/arm-none-eabi/10.3.1/thumb/v7e-m+fp/hard/crtn.o
OUTPUT(build/test_rtos_2.elf elf32-littlearm)
LOAD linker stubs
LOAD c:/gnu arm embedded toolchain/10 2021.10/bin/../lib/gcc/arm-none-eabi/10.3.1/../../../../arm-none-eabi/lib/thumb/v7e-m+fp/hard\libc.a
LOAD c:/gnu arm embedded toolchain/10 2021.10/bin/../lib/gcc/arm-none-eabi/10.3.1/../../../../arm-none-eabi/lib/thumb/v7e-m+fp/hard\libm.a
LOAD c:/gnu arm embedded toolchain/10 2021.10/bin/../lib/gcc/arm-none-eabi/10.3.1/thumb/v7e-m+fp/hard\libgcc.a

.debug_info     0x00000000    0x2beac
 .debug_info    0x00000000     0x29c4 build/main.o
 .debug_info    0x000029c4      0x7f5 build/stm32f7xx_it.o
 .debug_info    0x000031b9     0x1d5a build/stm32f7xx_hal_msp.o
 .debug_info    0x00004f13      0xe33 build/stm32f7xx_hal_timebase_tim.o
 .debug_info    0x00005d46      0x761 build/ds18b20.o
 .debug_info    0x000064a7     0x13f0 build/stm32f7xx_hal_cortex.o
 .debug_info    0x00007897      0xca8 build/stm32f7xx_hal_rcc.o
 .debug_info    0x0000853f      0x956 build/stm32f7xx_hal_rcc_ex.o
 .debug_info    0x00008e95      0x87b build/stm32f7xx_hal_gpio.o
 .debug_info    0x00009710      0xaac build/stm32f7xx_hal_pwr.o
 .debug_info    0x0000a1bc      0xb6c build/stm32f7xx_hal.o
 .debug_info    0x0000ad28     0x41b5 build/stm32f7xx_hal_i2c.o
 .debug_info    0x0000eedd      0xaba build/stm32f7xx_hal_i2c_ex.o
 .debug_info    0x0000f997     0x2355 build/stm32f7xx_hal_spi.o
 .debug_info    0x00011cec     0x3ff5 build/stm32f7xx_hal_tim.o
 .debug_info    0x00015ce1     0x1cda build/stm32f7xx_hal_tim_ex.o
 .debug_info    0x000179bb     0x228c build/stm32f7xx_hal_uart.o
 .debug_info    0x00019c47     0x1bd6 build/stm32f7xx_hal_pcd.o
 .debug_info    0x0001b81d      0x873 build/stm32f7xx_hal_pcd_ex.o
 .debug_info    0x0001c090     0x211b build/stm32f7xx_ll_usb.o
 .debug_info    0x0001e1ab      0x347 build/dwt_delay.o
 .debug_info    0x0001e4f2      0x802 build/system_stm32f7xx.o
 .debug_info    0x0001ecf4      0x30f build/list.o
 .debug_info    0x0001f003     0x2946 build/queue.o
 .debug_info    0x00021949     0x323b build/tasks.o
 .debug_info    0x00024b84     0x1b41 build/timers.o
 .debug_info    0x000266c5     0x4da2 build/cmsis_os2.o
 .debug_info    0x0002b467      0x49b build/heap_4.o
 .debug_info    0x0002b902      0x588 build/port.o
 .debug_info    0x0002be8a       0x22 build/startup_stm32f746xx.o

.debug_abbrev   0x00000000     0x461c
 .debug_abbrev  0x00000000      0x302 build/main.o
 .debug_abbrev  0x00000302      0x17c build/stm32f7xx_it.o
 .debug_abbrev  0x0000047e      0x226 build/stm32f7xx_hal_msp.o
 .debug_abbrev  0x000006a4      0x1ef build/stm32f7xx_hal_timebase_tim.o
 .debug_abbrev  0x00000893      0x1bf build/ds18b20.o
 .debug_abbrev  0x00000a52      0x382 build/stm32f7xx_hal_cortex.o
 .debug_abbrev  0x00000dd4      0x271 build/stm32f7xx_hal_rcc.o
 .debug_abbrev  0x00001045      0x1f4 build/stm32f7xx_hal_rcc_ex.o
 .debug_abbrev  0x00001239      0x22b build/stm32f7xx_hal_gpio.o
 .debug_abbrev  0x00001464      0x1cf build/stm32f7xx_hal_pwr.o
 .debug_abbrev  0x00001633      0x209 build/stm32f7xx_hal.o
 .debug_abbrev  0x0000183c      0x2bd build/stm32f7xx_hal_i2c.o
 .debug_abbrev  0x00001af9      0x1b5 build/stm32f7xx_hal_i2c_ex.o
 .debug_abbrev  0x00001cae      0x28c build/stm32f7xx_hal_spi.o
 .debug_abbrev  0x00001f3a      0x282 build/stm32f7xx_hal_tim.o
 .debug_abbrev  0x000021bc      0x298 build/stm32f7xx_hal_tim_ex.o
 .debug_abbrev  0x00002454      0x291 build/stm32f7xx_hal_uart.o
 .debug_abbrev  0x000026e5      0x2c2 build/stm32f7xx_hal_pcd.o
 .debug_abbrev  0x000029a7      0x1b4 build/stm32f7xx_hal_pcd_ex.o
 .debug_abbrev  0x00002b5b      0x2f9 build/stm32f7xx_ll_usb.o
 .debug_abbrev  0x00002e54      0x124 build/dwt_delay.o
 .debug_abbrev  0x00002f78      0x12a build/system_stm32f7xx.o
 .debug_abbrev  0x000030a2      0x124 build/list.o
 .debug_abbrev  0x000031c6      0x3c4 build/queue.o
 .debug_abbrev  0x0000358a      0x387 build/tasks.o
 .debug_abbrev  0x00003911      0x366 build/timers.o
 .debug_abbrev  0x00003c77      0x489 build/cmsis_os2.o
 .debug_abbrev  0x00004100      0x255 build/heap_4.o
 .debug_abbrev  0x00004355      0x2b5 build/port.o
 .debug_abbrev  0x0000460a       0x12 build/startup_stm32f746xx.o

.debug_loc      0x00000000    0x24478
 .debug_loc     0x00000000      0x2aa build/main.o
 .debug_loc     0x000002aa       0x20 build/stm32f7xx_it.o
 .debug_loc     0x000002ca      0x3bb build/stm32f7xx_hal_msp.o
 .debug_loc     0x00000685       0xcd build/stm32f7xx_hal_timebase_tim.o
 .debug_loc     0x00000752      0x250 build/ds18b20.o
 .debug_loc     0x000009a2      0x794 build/stm32f7xx_hal_cortex.o
 .debug_loc     0x00001136      0x7e0 build/stm32f7xx_hal_rcc.o
 .debug_loc     0x00001916      0x8d2 build/stm32f7xx_hal_rcc_ex.o
 .debug_loc     0x000021e8      0x5dc build/stm32f7xx_hal_gpio.o
 .debug_loc     0x000027c4       0x79 build/stm32f7xx_hal_pwr.o
 .debug_loc     0x0000283d      0x1e1 build/stm32f7xx_hal.o
 .debug_loc     0x00002a1e     0x50f8 build/stm32f7xx_hal_i2c.o
 .debug_loc     0x00007b16      0x19c build/stm32f7xx_hal_i2c_ex.o
 .debug_loc     0x00007cb2     0x2752 build/stm32f7xx_hal_spi.o
 .debug_loc     0x0000a404     0x58ba build/stm32f7xx_hal_tim.o
 .debug_loc     0x0000fcbe     0x2417 build/stm32f7xx_hal_tim_ex.o
 .debug_loc     0x000120d5     0x21d3 build/stm32f7xx_hal_uart.o
 .debug_loc     0x000142a8     0x14a9 build/stm32f7xx_hal_pcd.o
 .debug_loc     0x00015751      0x1a4 build/stm32f7xx_hal_pcd_ex.o
 .debug_loc     0x000158f5     0x27d5 build/stm32f7xx_ll_usb.o
 .debug_loc     0x000180ca       0x4f build/dwt_delay.o
 .debug_loc     0x00018119      0x158 build/system_stm32f7xx.o
 .debug_loc     0x00018271       0xe5 build/list.o
 .debug_loc     0x00018356     0x1fd1 build/queue.o
 .debug_loc     0x0001a327     0x2b5c build/tasks.o
 .debug_loc     0x0001ce83     0x1468 build/timers.o
 .debug_loc     0x0001e2eb     0x5c50 build/cmsis_os2.o
 .debug_loc     0x00023f3b      0x3c1 build/heap_4.o
 .debug_loc     0x000242fc      0x17c build/port.o

.debug_aranges  0x00000000     0x1c38
 .debug_aranges
                0x00000000       0x80 build/main.o
 .debug_aranges
                0x00000080       0x50 build/stm32f7xx_it.o
 .debug_aranges
                0x000000d0       0x60 build/stm32f7xx_hal_msp.o
 .debug_aranges
                0x00000130       0x30 build/stm32f7xx_hal_timebase_tim.o
 .debug_aranges
                0x00000160       0x48 build/ds18b20.o
 .debug_aranges
                0x000001a8       0xa8 build/stm32f7xx_hal_cortex.o
 .debug_aranges
                0x00000250       0x88 build/stm32f7xx_hal_rcc.o
 .debug_aranges
                0x000002d8       0x50 build/stm32f7xx_hal_rcc_ex.o
 .debug_aranges
                0x00000328       0x58 build/stm32f7xx_hal_gpio.o
 .debug_aranges
                0x00000380       0xa0 build/stm32f7xx_hal_pwr.o
 .debug_aranges
                0x00000420      0x100 build/stm32f7xx_hal.o
 .debug_aranges
                0x00000520      0x290 build/stm32f7xx_hal_i2c.o
 .debug_aranges
                0x000007b0       0x38 build/stm32f7xx_hal_i2c_ex.o
 .debug_aranges
                0x000007e8      0x1d8 build/stm32f7xx_hal_spi.o
 .debug_aranges
                0x000009c0      0x3e0 build/stm32f7xx_hal_tim.o
 .debug_aranges
                0x00000da0      0x178 build/stm32f7xx_hal_tim_ex.o
 .debug_aranges
                0x00000f18      0x228 build/stm32f7xx_hal_uart.o
 .debug_aranges
                0x00001140      0x138 build/stm32f7xx_hal_pcd.o
 .debug_aranges
                0x00001278       0x48 build/stm32f7xx_hal_pcd_ex.o
 .debug_aranges
                0x000012c0      0x198 build/stm32f7xx_ll_usb.o
 .debug_aranges
                0x00001458       0x28 build/dwt_delay.o
 .debug_aranges
                0x00001480       0x28 build/system_stm32f7xx.o
 .debug_aranges
                0x000014a8       0x40 build/list.o
 .debug_aranges
                0x000014e8      0x158 build/queue.o
 .debug_aranges
                0x00001640      0x1f8 build/tasks.o
 .debug_aranges
                0x00001838       0xe8 build/timers.o
 .debug_aranges
                0x00001920      0x220 build/cmsis_os2.o
 .debug_aranges
                0x00001b40       0x50 build/heap_4.o
 .debug_aranges
                0x00001b90       0x80 build/port.o
 .debug_aranges
                0x00001c10       0x28 build/startup_stm32f746xx.o

.debug_ranges   0x00000000     0x1cc8
 .debug_ranges  0x00000000       0x70 build/main.o
 .debug_ranges  0x00000070       0x40 build/stm32f7xx_it.o
 .debug_ranges  0x000000b0       0x50 build/stm32f7xx_hal_msp.o
 .debug_ranges  0x00000100       0x20 build/stm32f7xx_hal_timebase_tim.o
 .debug_ranges  0x00000120       0x50 build/ds18b20.o
 .debug_ranges  0x00000170       0xf8 build/stm32f7xx_hal_cortex.o
 .debug_ranges  0x00000268       0x78 build/stm32f7xx_hal_rcc.o
 .debug_ranges  0x000002e0       0x40 build/stm32f7xx_hal_rcc_ex.o
 .debug_ranges  0x00000320       0x48 build/stm32f7xx_hal_gpio.o
 .debug_ranges  0x00000368       0x90 build/stm32f7xx_hal_pwr.o
 .debug_ranges  0x000003f8       0xf0 build/stm32f7xx_hal.o
 .debug_ranges  0x000004e8      0x280 build/stm32f7xx_hal_i2c.o
 .debug_ranges  0x00000768       0x28 build/stm32f7xx_hal_i2c_ex.o
 .debug_ranges  0x00000790      0x1c8 build/stm32f7xx_hal_spi.o
 .debug_ranges  0x00000958      0x3d0 build/stm32f7xx_hal_tim.o
 .debug_ranges  0x00000d28      0x168 build/stm32f7xx_hal_tim_ex.o
 .debug_ranges  0x00000e90      0x218 build/stm32f7xx_hal_uart.o
 .debug_ranges  0x000010a8      0x128 build/stm32f7xx_hal_pcd.o
 .debug_ranges  0x000011d0       0x38 build/stm32f7xx_hal_pcd_ex.o
 .debug_ranges  0x00001208      0x188 build/stm32f7xx_ll_usb.o
 .debug_ranges  0x00001390       0x18 build/dwt_delay.o
 .debug_ranges  0x000013a8       0x18 build/system_stm32f7xx.o
 .debug_ranges  0x000013c0       0x30 build/list.o
 .debug_ranges  0x000013f0      0x200 build/queue.o
 .debug_ranges  0x000015f0      0x320 build/tasks.o
 .debug_ranges  0x00001910       0xd8 build/timers.o
 .debug_ranges  0x000019e8      0x210 build/cmsis_os2.o
 .debug_ranges  0x00001bf8       0x40 build/heap_4.o
 .debug_ranges  0x00001c38       0x70 build/port.o
 .debug_ranges  0x00001ca8       0x20 build/startup_stm32f746xx.o

.debug_line     0x00000000    0x2128c
 .debug_line    0x00000000      0x998 build/main.o
 .debug_line    0x00000998      0x269 build/stm32f7xx_it.o
 .debug_line    0x00000c01      0x51c build/stm32f7xx_hal_msp.o
 .debug_line    0x0000111d      0x26e build/stm32f7xx_hal_timebase_tim.o
 .debug_line    0x0000138b      0x359 build/ds18b20.o
 .debug_line    0x000016e4      0x763 build/stm32f7xx_hal_cortex.o
 .debug_line    0x00001e47      0xc7c build/stm32f7xx_hal_rcc.o
 .debug_line    0x00002ac3      0xb7d build/stm32f7xx_hal_rcc_ex.o
 .debug_line    0x00003640      0x6c7 build/stm32f7xx_hal_gpio.o
 .debug_line    0x00003d07      0x445 build/stm32f7xx_hal_pwr.o
 .debug_line    0x0000414c      0x579 build/stm32f7xx_hal.o
 .debug_line    0x000046c5     0x47c0 build/stm32f7xx_hal_i2c.o
 .debug_line    0x00008e85      0x36d build/stm32f7xx_hal_i2c_ex.o
 .debug_line    0x000091f2     0x2884 build/stm32f7xx_hal_spi.o
 .debug_line    0x0000ba76     0x4bc1 build/stm32f7xx_hal_tim.o
 .debug_line    0x00010637     0x1cb6 build/stm32f7xx_hal_tim_ex.o
 .debug_line    0x000122ed     0x22e3 build/stm32f7xx_hal_uart.o
 .debug_line    0x000145d0     0x1325 build/stm32f7xx_hal_pcd.o
 .debug_line    0x000158f5      0x325 build/stm32f7xx_hal_pcd_ex.o
 .debug_line    0x00015c1a     0x1b0e build/stm32f7xx_ll_usb.o
 .debug_line    0x00017728      0x1dc build/dwt_delay.o
 .debug_line    0x00017904      0x23a build/system_stm32f7xx.o
 .debug_line    0x00017b3e      0x349 build/list.o
 .debug_line    0x00017e87     0x2010 build/queue.o
 .debug_line    0x00019e97     0x2c5f build/tasks.o
 .debug_line    0x0001caf6      0xe76 build/timers.o
 .debug_line    0x0001d96c     0x2c39 build/cmsis_os2.o
 .debug_line    0x000205a5      0x63b build/heap_4.o
 .debug_line    0x00020be0      0x636 build/port.o
 .debug_line    0x00021216       0x76 build/startup_stm32f746xx.o

.debug_str      0x00000000     0x97e5
 .debug_str     0x00000000     0x1c1e build/main.o
                               0x1d9e (size before relaxing)
 .debug_str     0x00001c1e       0xaf build/stm32f7xx_it.o
                                0x77b (size before relaxing)
 .debug_str     0x00001ccd      0x690 build/stm32f7xx_hal_msp.o
                               0x15b4 (size before relaxing)
 .debug_str     0x0000235d       0xf6 build/stm32f7xx_hal_timebase_tim.o
                                0xf2e (size before relaxing)
 .debug_str     0x00002453       0xd5 build/ds18b20.o
                                0x31b (size before relaxing)
 .debug_str     0x00002528      0x59d build/stm32f7xx_hal_cortex.o
                                0xd89 (size before relaxing)
 .debug_str     0x00002ac5      0x1e2 build/stm32f7xx_hal_rcc.o
                                0x6f8 (size before relaxing)
 .debug_str     0x00002ca7      0x14c build/stm32f7xx_hal_rcc_ex.o
                                0x6cf (size before relaxing)
 .debug_str     0x00002df3      0x100 build/stm32f7xx_hal_gpio.o
                                0x4d7 (size before relaxing)
 .debug_str     0x00002ef3      0x1fc build/stm32f7xx_hal_pwr.o
                                0x617 (size before relaxing)
 .debug_str     0x000030ef      0x2a2 build/stm32f7xx_hal.o
                                0xc34 (size before relaxing)
 .debug_str     0x00003391      0x8a5 build/stm32f7xx_hal_i2c.o
                                0xff6 (size before relaxing)
 .debug_str     0x00003c36       0x86 build/stm32f7xx_hal_i2c_ex.o
                                0x8db (size before relaxing)
 .debug_str     0x00003cbc      0x556 build/stm32f7xx_hal_spi.o
                                0xc2c (size before relaxing)
 .debug_str     0x00004212      0xee6 build/stm32f7xx_hal_tim.o
                               0x170b (size before relaxing)
 .debug_str     0x000050f8      0x5ef build/stm32f7xx_hal_tim_ex.o
                                0xf46 (size before relaxing)
 .debug_str     0x000056e7      0x72e build/stm32f7xx_hal_uart.o
                                0xfa0 (size before relaxing)
 .debug_str     0x00005e15      0x79e build/stm32f7xx_hal_pcd.o
                                0xd76 (size before relaxing)
 .debug_str     0x000065b3      0x165 build/stm32f7xx_hal_pcd_ex.o
                                0x72b (size before relaxing)
 .debug_str     0x00006718      0x43c build/stm32f7xx_ll_usb.o
                                0xc7b (size before relaxing)
 .debug_str     0x00006b54      0x105 build/dwt_delay.o
                                0x2b5 (size before relaxing)
 .debug_str     0x00006c59       0x47 build/system_stm32f7xx.o
                                0x435 (size before relaxing)
 .debug_str     0x00006ca0      0x14d build/list.o
                                0x2dc (size before relaxing)
 .debug_str     0x00006ded      0xa10 build/queue.o
                                0xcd8 (size before relaxing)
 .debug_str     0x000077fd      0xc49 build/tasks.o
                               0x127c (size before relaxing)
 .debug_str     0x00008446      0x5c3 build/timers.o
                                0xc04 (size before relaxing)
 .debug_str     0x00008a09      0xa52 build/cmsis_os2.o
                               0x192e (size before relaxing)
 .debug_str     0x0000945b      0x1d5 build/heap_4.o
                                0x3c5 (size before relaxing)
 .debug_str     0x00009630      0x191 build/port.o
                                0x45c (size before relaxing)
 .debug_str     0x000097c1       0x24 build/startup_stm32f746xx.o
                                 0x42 (size before relaxing)

.comment        0x00000000       0x49
 .comment       0x00000000       0x49 build/main.o
                                 0x4a (size before relaxing)
 .comment       0x00000049       0x4a build/stm32f7xx_it.o
 .comment       0x00000049       0x4a build/stm32f7xx_hal_msp.o
 .comment       0x00000049       0x4a build/stm32f7xx_hal_timebase_tim.o
 .comment       0x00000049       0x4a build/ds18b20.o
 .comment       0x00000049       0x4a build/stm32f7xx_hal_cortex.o
 .comment       0x00000049       0x4a build/stm32f7xx_hal_rcc.o
 .comment       0x00000049       0x4a build/stm32f7xx_hal_rcc_ex.o
 .comment       0x00000049       0x4a build/stm32f7xx_hal_gpio.o
 .comment       0x00000049       0x4a build/stm32f7xx_hal_pwr.o
 .comment       0x00000049       0x4a build/stm32f7xx_hal.o
 .comment       0x00000049       0x4a build/stm32f7xx_hal_i2c.o
 .comment       0x00000049       0x4a build/stm32f7xx_hal_i2c_ex.o
 .comment       0x00000049       0x4a build/stm32f7xx_hal_spi.o
 .comment       0x00000049       0x4a build/stm32f7xx_hal_tim.o
 .comment       0x00000049       0x4a build/stm32f7xx_hal_tim_ex.o
 .comment       0x00000049       0x4a build/stm32f7xx_hal_uart.o
 .comment       0x00000049       0x4a build/stm32f7xx_hal_pcd.o
 .comment       0x00000049       0x4a build/stm32f7xx_hal_pcd_ex.o
 .comment       0x00000049       0x4a build/stm32f7xx_ll_usb.o
 .comment       0x00000049       0x4a build/dwt_delay.o
 .comment       0x00000049       0x4a build/system_stm32f7xx.o
 .comment       0x00000049       0x4a build/list.o
 .comment       0x00000049       0x4a build/queue.o
 .comment       0x00000049       0x4a build/tasks.o
 .comment       0x00000049       0x4a build/timers.o
 .comment       0x00000049       0x4a build/cmsis_os2.o
 .comment       0x00000049       0x4a build/heap_4.o
 .comment       0x00000049       0x4a build/port.o

.debug_frame    0x00000000     0x5a6c
 .debug_frame   0x00000000      0x15c build/main.o
 .debug_frame   0x0000015c       0x88 build/stm32f7xx_it.o
 .debug_frame   0x000001e4      0x118 build/stm32f7xx_hal_msp.o
 .debug_frame   0x000002fc       0x50 build/stm32f7xx_hal_timebase_tim.o
 .debug_frame   0x0000034c       0xb0 build/ds18b20.o
 .debug_frame   0x000003fc      0x148 build/stm32f7xx_hal_cortex.o
 .debug_frame   0x00000544      0x178 build/stm32f7xx_hal_rcc.o
 .debug_frame   0x000006bc       0xc0 build/stm32f7xx_hal_rcc_ex.o
 .debug_frame   0x0000077c       0xd8 build/stm32f7xx_hal_gpio.o
 .debug_frame   0x00000854      0x128 build/stm32f7xx_hal_pwr.o
 .debug_frame   0x0000097c      0x20c build/stm32f7xx_hal.o
 .debug_frame   0x00000b88      0x938 build/stm32f7xx_hal_i2c.o
 .debug_frame   0x000014c0       0x60 build/stm32f7xx_hal_i2c_ex.o
 .debug_frame   0x00001520      0x5d8 build/stm32f7xx_hal_spi.o
 .debug_frame   0x00001af8      0xb68 build/stm32f7xx_hal_tim.o
 .debug_frame   0x00002660      0x444 build/stm32f7xx_hal_tim_ex.o
 .debug_frame   0x00002aa4      0x5f8 build/stm32f7xx_hal_uart.o
 .debug_frame   0x0000309c      0x358 build/stm32f7xx_hal_pcd.o
 .debug_frame   0x000033f4       0x7c build/stm32f7xx_hal_pcd_ex.o
 .debug_frame   0x00003470      0x448 build/stm32f7xx_ll_usb.o
 .debug_frame   0x000038b8       0x30 build/dwt_delay.o
 .debug_frame   0x000038e8       0x30 build/system_stm32f7xx.o
 .debug_frame   0x00003918       0x70 build/list.o
 .debug_frame   0x00003988      0x45c build/queue.o
 .debug_frame   0x00003de4      0x654 build/tasks.o
 .debug_frame   0x00004438      0x2e8 build/timers.o
 .debug_frame   0x00004720      0x780 build/cmsis_os2.o
 .debug_frame   0x00004ea0       0xb0 build/heap_4.o
 .debug_frame   0x00004f50      0x100 build/port.o
 .debug_frame   0x00005050       0x2c c:/gnu arm embedded toolchain/10 2021.10/bin/../lib/gcc/arm-none-eabi/10.3.1/../../../../arm-none-eabi/lib/thumb/v7e-m+fp/hard\libc_nano.a(lib_a-init.o)
 .debug_frame   0x0000507c       0x28 c:/gnu arm embedded toolchain/10 2021.10/bin/../lib/gcc/arm-none-eabi/10.3.1/../../../../arm-none-eabi/lib/thumb/v7e-m+fp/hard\libc_nano.a(lib_a-memcpy-stub.o)
 .debug_frame   0x000050a4       0x20 c:/gnu arm embedded toolchain/10 2021.10/bin/../lib/gcc/arm-none-eabi/10.3.1/../../../../arm-none-eabi/lib/thumb/v7e-m+fp/hard\libc_nano.a(lib_a-memset.o)
 .debug_frame   0x000050c4       0x74 c:/gnu arm embedded toolchain/10 2021.10/bin/../lib/gcc/arm-none-eabi/10.3.1/../../../../arm-none-eabi/lib/thumb/v7e-m+fp/hard\libc_nano.a(lib_a-printf.o)
 .debug_frame   0x00005138      0x14c c:/gnu arm embedded toolchain/10 2021.10/bin/../lib/gcc/arm-none-eabi/10.3.1/../../../../arm-none-eabi/lib/thumb/v7e-m+fp/hard\libc_nano.a(lib_a-findfp.o)
 .debug_frame   0x00005284       0x54 c:/gnu arm embedded toolchain/10 2021.10/bin/../lib/gcc/arm-none-eabi/10.3.1/../../../../arm-none-eabi/lib/thumb/v7e-m+fp/hard\libc_nano.a(lib_a-fwalk.o)
 .debug_frame   0x000052d8       0xb0 c:/gnu arm embedded toolchain/10 2021.10/bin/../lib/gcc/arm-none-eabi/10.3.1/../../../../arm-none-eabi/lib/thumb/v7e-m+fp/hard\libc_nano.a(lib_a-lock.o)
 .debug_frame   0x00005388       0x4c c:/gnu arm embedded toolchain/10 2021.10/bin/../lib/gcc/arm-none-eabi/10.3.1/../../../../arm-none-eabi/lib/thumb/v7e-m+fp/hard\libc_nano.a(lib_a-nano-mallocr.o)
 .debug_frame   0x000053d4       0xac c:/gnu arm embedded toolchain/10 2021.10/bin/../lib/gcc/arm-none-eabi/10.3.1/../../../../arm-none-eabi/lib/thumb/v7e-m+fp/hard\libc_nano.a(lib_a-nano-vfprintf.o)